Archive member included to satisfy reference by file (symbol)

c:/st/stm32cubeide_1.0.1/stm32cubeide/plugins/com.st.stm32cube.ide.mcu.externaltools.gnu-tools-for-stm32.7-2018-q2-update.win32_1.0.0.201904181610/tools/bin/../lib/gcc/arm-none-eabi/7.3.1/../../../../arm-none-eabi/lib/thumb/v7e-m/fpv4-sp/hard\libc_nano.a(lib_a-errno.o)
                              Src/syscalls.o (__errno)
c:/st/stm32cubeide_1.0.1/stm32cubeide/plugins/com.st.stm32cube.ide.mcu.externaltools.gnu-tools-for-stm32.7-2018-q2-update.win32_1.0.0.201904181610/tools/bin/../lib/gcc/arm-none-eabi/7.3.1/../../../../arm-none-eabi/lib/thumb/v7e-m/fpv4-sp/hard\libc_nano.a(lib_a-exit.o)
                              c:/st/stm32cubeide_1.0.1/stm32cubeide/plugins/com.st.stm32cube.ide.mcu.externaltools.gnu-tools-for-stm32.7-2018-q2-update.win32_1.0.0.201904181610/tools/bin/../lib/gcc/arm-none-eabi/7.3.1/../../../../arm-none-eabi/lib/thumb/v7e-m/fpv4-sp/hard/crt0.o (exit)
c:/st/stm32cubeide_1.0.1/stm32cubeide/plugins/com.st.stm32cube.ide.mcu.externaltools.gnu-tools-for-stm32.7-2018-q2-update.win32_1.0.0.201904181610/tools/bin/../lib/gcc/arm-none-eabi/7.3.1/../../../../arm-none-eabi/lib/thumb/v7e-m/fpv4-sp/hard\libc_nano.a(lib_a-impure.o)
                              c:/st/stm32cubeide_1.0.1/stm32cubeide/plugins/com.st.stm32cube.ide.mcu.externaltools.gnu-tools-for-stm32.7-2018-q2-update.win32_1.0.0.201904181610/tools/bin/../lib/gcc/arm-none-eabi/7.3.1/../../../../arm-none-eabi/lib/thumb/v7e-m/fpv4-sp/hard\libc_nano.a(lib_a-exit.o) (_global_impure_ptr)
c:/st/stm32cubeide_1.0.1/stm32cubeide/plugins/com.st.stm32cube.ide.mcu.externaltools.gnu-tools-for-stm32.7-2018-q2-update.win32_1.0.0.201904181610/tools/bin/../lib/gcc/arm-none-eabi/7.3.1/../../../../arm-none-eabi/lib/thumb/v7e-m/fpv4-sp/hard\libc_nano.a(lib_a-init.o)
                              c:/st/stm32cubeide_1.0.1/stm32cubeide/plugins/com.st.stm32cube.ide.mcu.externaltools.gnu-tools-for-stm32.7-2018-q2-update.win32_1.0.0.201904181610/tools/bin/../lib/gcc/arm-none-eabi/7.3.1/../../../../arm-none-eabi/lib/thumb/v7e-m/fpv4-sp/hard/crt0.o (__libc_init_array)
c:/st/stm32cubeide_1.0.1/stm32cubeide/plugins/com.st.stm32cube.ide.mcu.externaltools.gnu-tools-for-stm32.7-2018-q2-update.win32_1.0.0.201904181610/tools/bin/../lib/gcc/arm-none-eabi/7.3.1/../../../../arm-none-eabi/lib/thumb/v7e-m/fpv4-sp/hard\libc_nano.a(lib_a-memset.o)
                              c:/st/stm32cubeide_1.0.1/stm32cubeide/plugins/com.st.stm32cube.ide.mcu.externaltools.gnu-tools-for-stm32.7-2018-q2-update.win32_1.0.0.201904181610/tools/bin/../lib/gcc/arm-none-eabi/7.3.1/../../../../arm-none-eabi/lib/thumb/v7e-m/fpv4-sp/hard/crt0.o (memset)
c:/st/stm32cubeide_1.0.1/stm32cubeide/plugins/com.st.stm32cube.ide.mcu.externaltools.gnu-tools-for-stm32.7-2018-q2-update.win32_1.0.0.201904181610/tools/bin/../lib/gcc/arm-none-eabi/7.3.1/../../../../arm-none-eabi/lib/thumb/v7e-m/fpv4-sp/hard\libm.a(lib_a-wf_sqrt.o)
                              Src/main.o (sqrtf)
c:/st/stm32cubeide_1.0.1/stm32cubeide/plugins/com.st.stm32cube.ide.mcu.externaltools.gnu-tools-for-stm32.7-2018-q2-update.win32_1.0.0.201904181610/tools/bin/../lib/gcc/arm-none-eabi/7.3.1/../../../../arm-none-eabi/lib/thumb/v7e-m/fpv4-sp/hard\libm.a(lib_a-ef_sqrt.o)
                              c:/st/stm32cubeide_1.0.1/stm32cubeide/plugins/com.st.stm32cube.ide.mcu.externaltools.gnu-tools-for-stm32.7-2018-q2-update.win32_1.0.0.201904181610/tools/bin/../lib/gcc/arm-none-eabi/7.3.1/../../../../arm-none-eabi/lib/thumb/v7e-m/fpv4-sp/hard\libm.a(lib_a-wf_sqrt.o) (__ieee754_sqrtf)
c:/st/stm32cubeide_1.0.1/stm32cubeide/plugins/com.st.stm32cube.ide.mcu.externaltools.gnu-tools-for-stm32.7-2018-q2-update.win32_1.0.0.201904181610/tools/bin/../lib/gcc/arm-none-eabi/7.3.1/../../../../arm-none-eabi/lib/thumb/v7e-m/fpv4-sp/hard\libm.a(lib_a-s_lib_ver.o)
                              c:/st/stm32cubeide_1.0.1/stm32cubeide/plugins/com.st.stm32cube.ide.mcu.externaltools.gnu-tools-for-stm32.7-2018-q2-update.win32_1.0.0.201904181610/tools/bin/../lib/gcc/arm-none-eabi/7.3.1/../../../../arm-none-eabi/lib/thumb/v7e-m/fpv4-sp/hard\libm.a(lib_a-wf_sqrt.o) (__fdlib_version)
c:/st/stm32cubeide_1.0.1/stm32cubeide/plugins/com.st.stm32cube.ide.mcu.externaltools.gnu-tools-for-stm32.7-2018-q2-update.win32_1.0.0.201904181610/tools/bin/../lib/gcc/arm-none-eabi/7.3.1/../../../../arm-none-eabi/lib/thumb/v7e-m/fpv4-sp/hard\libm.a(lib_a-s_matherr.o)
                              c:/st/stm32cubeide_1.0.1/stm32cubeide/plugins/com.st.stm32cube.ide.mcu.externaltools.gnu-tools-for-stm32.7-2018-q2-update.win32_1.0.0.201904181610/tools/bin/../lib/gcc/arm-none-eabi/7.3.1/../../../../arm-none-eabi/lib/thumb/v7e-m/fpv4-sp/hard\libm.a(lib_a-wf_sqrt.o) (matherr)
c:/st/stm32cubeide_1.0.1/stm32cubeide/plugins/com.st.stm32cube.ide.mcu.externaltools.gnu-tools-for-stm32.7-2018-q2-update.win32_1.0.0.201904181610/tools/bin/../lib/gcc/arm-none-eabi/7.3.1/thumb/v7e-m/fpv4-sp/hard\libgcc.a(_arm_addsubdf3.o)
[...]
Memory Configuration

Name             Origin             Length             Attributes
FLASH            0x0000000008000000 0x0000000000010000 xr
RAM              0x0000000020000000 0x0000000000004000 xrw
*default*        0x0000000000000000 0xffffffffffffffff

Linker script and memory map

LOAD c:/st/stm32cubeide_1.0.1/stm32cubeide/plugins/com.st.stm32cube.ide.mcu.externaltools.gnu-tools-for-stm32.7-2018-q2-update.win32_1.0.0.201904181610/tools/bin/../lib/gcc/arm-none-eabi/7.3.1/thumb/v7e-m/fpv4-sp/hard/crti.o
LOAD c:/st/stm32cubeide_1.0.1/stm32cubeide/plugins/com.st.stm32cube.ide.mcu.externaltools.gnu-tools-for-stm32.7-2018-q2-update.win32_1.0.0.201904181610/tools/bin/../lib/gcc/arm-none-eabi/7.3.1/thumb/v7e-m/fpv4-sp/hard/crtbegin.o
LOAD c:/st/stm32cubeide_1.0.1/stm32cubeide/plugins/com.st.stm32cube.ide.mcu.externaltools.gnu-tools-for-stm32.7-2018-q2-update.win32_1.0.0.201904181610/tools/bin/../lib/gcc/arm-none-eabi/7.3.1/../../../../arm-none-eabi/lib/thumb/v7e-m/fpv4-sp/hard/crt0.o
LOAD Drivers/STM32F3xx_HAL_Driver/stm32f3xx_hal.o
LOAD Drivers/STM32F3xx_HAL_Driver/stm32f3xx_hal_adc.o
LOAD Drivers/STM32F3xx_HAL_Driver/stm32f3xx_hal_adc_ex.o
LOAD Drivers/STM32F3xx_HAL_Driver/stm32f3xx_hal_cortex.o
LOAD Drivers/STM32F3xx_HAL_Driver/stm32f3xx_hal_dac.o
LOAD Drivers/STM32F3xx_HAL_Driver/stm32f3xx_hal_dac_ex.o
LOAD Drivers/STM32F3xx_HAL_Driver/stm32f3xx_hal_dma.o
LOAD Drivers/STM32F3xx_HAL_Driver/stm32f3xx_hal_flash.o
LOAD Drivers/STM32F3xx_HAL_Driver/stm32f3xx_hal_flash_ex.o
LOAD Drivers/STM32F3xx_HAL_Driver/stm32f3xx_hal_gpio.o
LOAD Drivers/STM32F3xx_HAL_Driver/stm32f3xx_hal_i2c.o
LOAD Drivers/STM32F3xx_HAL_Driver/stm32f3xx_hal_i2c_ex.o
LOAD Drivers/STM32F3xx_HAL_Driver/stm32f3xx_hal_pwr.o
LOAD Drivers/STM32F3xx_HAL_Driver/stm32f3xx_hal_pwr_ex.o
LOAD Drivers/STM32F3xx_HAL_Driver/stm32f3xx_hal_rcc.o
LOAD Drivers/STM32F3xx_HAL_Driver/stm32f3xx_hal_rcc_ex.o
LOAD Drivers/STM32F3xx_HAL_Driver/stm32f3xx_hal_tim.o
LOAD Drivers/STM32F3xx_HAL_Driver/stm32f3xx_hal_tim_ex.o
LOAD Src/adc.o
LOAD Src/dac.o
LOAD Src/gpio.o
LOAD Src/main.o
LOAD Src/stm32f3xx_hal_msp.o
LOAD Src/stm32f3xx_it.o
LOAD Src/syscalls.o
LOAD Src/sysmem.o
LOAD Src/system_stm32f3xx.o
LOAD Src/tim.o
LOAD Startup/startup_stm32f302r8tx.o
START GROUP
LOAD c:/st/stm32cubeide_1.0.1/stm32cubeide/plugins/com.st.stm32cube.ide.mcu.externaltools.gnu-tools-for-stm32.7-2018-q2-update.win32_1.0.0.201904181610/tools/bin/../lib/gcc/arm-none-eabi/7.3.1/../../../../arm-none-eabi/lib/thumb/v7e-m/fpv4-sp/hard\libc_nano.a
LOAD c:/st/stm32cubeide_1.0.1/stm32cubeide/plugins/com.st.stm32cube.ide.mcu.externaltools.gnu-tools-for-stm32.7-2018-q2-update.win32_1.0.0.201904181610/tools/bin/../lib/gcc/arm-none-eabi/7.3.1/../../../../arm-none-eabi/lib/thumb/v7e-m/fpv4-sp/hard\libm.a
END GROUP
START GROUP
LOAD c:/st/stm32cubeide_1.0.1/stm32cubeide/plugins/com.st.stm32cube.ide.mcu.externaltools.gnu-tools-for-stm32.7-2018-q2-update.win32_1.0.0.201904181610/tools/bin/../lib/gcc/arm-none-eabi/7.3.1/thumb/v7e-m/fpv4-sp/hard\libgcc.a
LOAD c:/st/stm32cubeide_1.0.1/stm32cubeide/plugins/com.st.stm32cube.ide.mcu.externaltools.gnu-tools-for-stm32.7-2018-q2-update.win32_1.0.0.201904181610/tools/bin/../lib/gcc/arm-none-eabi/7.3.1/../../../../arm-none-eabi/lib/thumb/v7e-m/fpv4-sp/hard\libc_nano.a
END GROUP
START GROUP
LOAD c:/st/stm32cubeide_1.0.1/stm32cubeide/plugins/com.st.stm32cube.ide.mcu.externaltools.gnu-tools-for-stm32.7-2018-q2-update.win32_1.0.0.201904181610/tools/bin/../lib/gcc/arm-none-eabi/7.3.1/thumb/v7e-m/fpv4-sp/hard\libgcc.a
LOAD c:/st/stm32cubeide_1.0.1/stm32cubeide/plugins/com.st.stm32cube.ide.mcu.externaltools.gnu-tools-for-stm32.7-2018-q2-update.win32_1.0.0.201904181610/tools/bin/../lib/gcc/arm-none-eabi/7.3.1/../../../../arm-none-eabi/lib/thumb/v7e-m/fpv4-sp/hard\libc_nano.a
LOAD c:/st/stm32cubeide_1.0.1/stm32cubeide/plugins/com.st.stm32cube.ide.mcu.externaltools.gnu-tools-for-stm32.7-2018-q2-update.win32_1.0.0.201904181610/tools/bin/../lib/gcc/arm-none-eabi/7.3.1/../../../../arm-none-eabi/lib/thumb/v7e-m/fpv4-sp/hard\libnosys.a
END GROUP
START GROUP
LOAD c:/st/stm32cubeide_1.0.1/stm32cubeide/plugins/com.st.stm32cube.ide.mcu.externaltools.gnu-tools-for-stm32.7-2018-q2-update.win32_1.0.0.201904181610/tools/bin/../lib/gcc/arm-none-eabi/7.3.1/thumb/v7e-m/fpv4-sp/hard\libgcc.a
LOAD c:/st/stm32cubeide_1.0.1/stm32cubeide/plugins/com.st.stm32cube.ide.mcu.externaltools.gnu-tools-for-stm32.7-2018-q2-update.win32_1.0.0.201904181610/tools/bin/../lib/gcc/arm-none-eabi/7.3.1/../../../../arm-none-eabi/lib/thumb/v7e-m/fpv4-sp/hard\libc_nano.a
LOAD c:/st/stm32cubeide_1.0.1/stm32cubeide/plugins/com.st.stm32cube.ide.mcu.externaltools.gnu-tools-for-stm32.7-2018-q2-update.win32_1.0.0.201904181610/tools/bin/../lib/gcc/arm-none-eabi/7.3.1/../../../../arm-none-eabi/lib/thumb/v7e-m/fpv4-sp/hard\libnosys.a
END GROUP
LOAD c:/st/stm32cubeide_1.0.1/stm32cubeide/plugins/com.st.stm32cube.ide.mcu.externaltools.gnu-tools-for-stm32.7-2018-q2-update.win32_1.0.0.201904181610/tools/bin/../lib/gcc/arm-none-eabi/7.3.1/thumb/v7e-m/fpv4-sp/hard/crtend.o
LOAD c:/st/stm32cubeide_1.0.1/stm32cubeide/plugins/com.st.stm32cube.ide.mcu.externaltools.gnu-tools-for-stm32.7-2018-q2-update.win32_1.0.0.201904181610/tools/bin/../lib/gcc/arm-none-eabi/7.3.1/thumb/v7e-m/fpv4-sp/hard/crtn.o
                0x0000000020004000                _estack = 0x20004000
                0x0000000000000200                _Min_Heap_Size = 0x200
                0x0000000000000400                _Min_Stack_Size = 0x400

.isr_vector     0x0000000008000000      0x188
                0x0000000008000000                . = ALIGN (0x4)
 *(.isr_vector)
 .isr_vector    0x0000000008000000      0x188 Startup/startup_stm32f302r8tx.o
                0x0000000008000000                g_pfnVectors
                0x0000000008000188                . = ALIGN (0x4)

.text           0x0000000008000188     0x4e94
                0x0000000008000188                . = ALIGN (0x4)
 *(.text)
 .text          0x0000000008000188       0x40 c:/st/stm32cubeide_1.0.1/stm32cubeide/plugins/com.st.stm32cube.ide.mcu.externaltools.gnu-tools-for-stm32.7-2018-q2-update.win32_1.0.0.201904181610/tools/bin/../lib/gcc/arm-none-eabi/7.3.1/thumb/v7e-m/fpv4-sp/hard/crtbegin.o
 .text          0x00000000080001c8      0x378 c:/st/stm32cubeide_1.0.1/stm32cubeide/plugins/com.st.stm32cube.ide.mcu.externaltools.gnu-tools-for-stm32.7-2018-q2-update.win32_1.0.0.201904181610/tools/bin/../lib/gcc/arm-none-eabi/7.3.1/thumb/v7e-m/fpv4-sp/hard\libgcc.a(_arm_addsubdf3.o)
                0x00000000080001c8                __aeabi_drsub
                0x00000000080001d0                __aeabi_dsub
                0x00000000080001d0                __subdf3
                0x00000000080001d4                __aeabi_dadd
                0x00000000080001d4                __adddf3
                0x000000000800044c                __floatunsidf
                0x000000000800044c                __aeabi_ui2d
                0x000000000800046c                __floatsidf
                0x000000000800046c                __aeabi_i2d
                0x0000000008000490                __aeabi_f2d
                0x0000000008000490                __extendsfdf2
                0x00000000080004d4                __floatundidf
                0x00000000080004d4                __aeabi_ul2d
                0x00000000080004e4                __floatdidf
                0x00000000080004e4                __aeabi_l2d
 .text          0x0000000008000540      0x424 c:/st/stm32cubeide_1.0.1/stm32cubeide/plugins/com.st.stm32cube.ide.mcu.externaltools.gnu-tools-for-stm32.7-2018-q2-update.win32_1.0.0.201904181610/tools/bin/../lib/gcc/arm-none-eabi/7.3.1/thumb/v7e-m/fpv4-sp/hard\libgcc.a(_arm_muldivdf3.o)
                0x0000000008000540                __aeabi_dmul
                0x0000000008000540                __muldf3
                0x0000000008000794                __divdf3
                0x0000000008000794                __aeabi_ddiv
 .text          0x0000000008000964       0xa0 c:/st/stm32cubeide_1.0.1/stm32cubeide/plugins/com.st.stm32cube.ide.mcu.externaltools.gnu-tools-for-stm32.7-2018-q2-update.win32_1.0.0.201904181610/tools/bin/../lib/gcc/arm-none-eabi/7.3.1/thumb/v7e-m/fpv4-sp/hard\libgcc.a(_arm_truncdfsf2.o)
                0x0000000008000964                __truncdfsf2
                0x0000000008000964                __aeabi_d2f
 *(.text*)
 .text.HAL_Init
                0x0000000008000a04       0x2c Drivers/STM32F3xx_HAL_Driver/stm32f3xx_hal.o
                0x0000000008000a04                HAL_Init
 .text.HAL_InitTick
                0x0000000008000a30       0x60 Drivers/STM32F3xx_HAL_Driver/stm32f3xx_hal.o
                0x0000000008000a30                HAL_InitTick
 .text.HAL_IncTick
                0x0000000008000a90       0x28 Drivers/STM32F3xx_HAL_Driver/stm32f3xx_hal.o
                0x0000000008000a90                HAL_IncTick
 .text.HAL_GetTick
                0x0000000008000ab8       0x18 Drivers/STM32F3xx_HAL_Driver/stm32f3xx_hal.o
                0x0000000008000ab8                HAL_GetTick
 .text.HAL_ADC_Init
                0x0000000008000ad0      0x308 Drivers/STM32F3xx_HAL_Driver/stm32f3xx_hal_adc_ex.o
                0x0000000008000ad0                HAL_ADC_Init
 .text.HAL_ADC_ConfigChannel
                0x0000000008000dd8      0x56c Drivers/STM32F3xx_HAL_Driver/stm32f3xx_hal_adc_ex.o
                0x0000000008000dd8                HAL_ADC_ConfigChannel
 .text.ADC_Disable
                0x0000000008001344       0xbe Drivers/STM32F3xx_HAL_Driver/stm32f3xx_hal_adc_ex.o
 *fill*         0x0000000008001402        0x2 
 .text.NVIC_SetPriorityGrouping
                0x0000000008001404       0x48 Drivers/STM32F3xx_HAL_Driver/stm32f3xx_hal_cortex.o
 .text.NVIC_GetPriorityGrouping
                0x000000000800144c       0x1c Drivers/STM32F3xx_HAL_Driver/stm32f3xx_hal_cortex.o
 .text.NVIC_EnableIRQ
                0x0000000008001468       0x34 Drivers/STM32F3xx_HAL_Driver/stm32f3xx_hal_cortex.o
 .text.NVIC_SetPriority
                0x000000000800149c       0x54 Drivers/STM32F3xx_HAL_Driver/stm32f3xx_hal_cortex.o
 .text.NVIC_EncodePriority
                0x00000000080014f0       0x66 Drivers/STM32F3xx_HAL_Driver/stm32f3xx_hal_cortex.o
 *fill*         0x0000000008001556        0x2 
 .text.SysTick_Config
                0x0000000008001558       0x44 Drivers/STM32F3xx_HAL_Driver/stm32f3xx_hal_cortex.o
 .text.HAL_NVIC_SetPriorityGrouping
                0x000000000800159c       0x16 Drivers/STM32F3xx_HAL_Driver/stm32f3xx_hal_cortex.o
                0x000000000800159c                HAL_NVIC_SetPriorityGrouping
 .text.HAL_NVIC_SetPriority
                0x00000000080015b2       0x38 Drivers/STM32F3xx_HAL_Driver/stm32f3xx_hal_cortex.o
                0x00000000080015b2                HAL_NVIC_SetPriority
 .text.HAL_NVIC_EnableIRQ
                0x00000000080015ea       0x1c Drivers/STM32F3xx_HAL_Driver/stm32f3xx_hal_cortex.o
                0x00000000080015ea                HAL_NVIC_EnableIRQ
 .text.HAL_SYSTICK_Config
                0x0000000008001606       0x18 Drivers/STM32F3xx_HAL_Driver/stm32f3xx_hal_cortex.o
                0x0000000008001606                HAL_SYSTICK_Config
 .text.HAL_DAC_Init
                0x000000000800161e       0x44 Drivers/STM32F3xx_HAL_Driver/stm32f3xx_hal_dac.o
                0x000000000800161e                HAL_DAC_Init
 .text.HAL_DAC_DMAUnderrunCallbackCh1
                0x0000000008001662       0x14 Drivers/STM32F3xx_HAL_Driver/stm32f3xx_hal_dac.o
                0x0000000008001662                HAL_DAC_DMAUnderrunCallbackCh1
 .text.HAL_DAC_IRQHandler
                0x0000000008001676       0x62 Drivers/STM32F3xx_HAL_Driver/stm32f3xx_hal_dac_ex.o
                0x0000000008001676                HAL_DAC_IRQHandler
 .text.HAL_DAC_ConfigChannel
                0x00000000080016d8       0x9a Drivers/STM32F3xx_HAL_Driver/stm32f3xx_hal_dac_ex.o
                0x00000000080016d8                HAL_DAC_ConfigChannel
 *fill*         0x0000000008001772        0x2 
 .text.HAL_GPIO_Init
                0x0000000008001774      0x2ec Drivers/STM32F3xx_HAL_Driver/stm32f3xx_hal_gpio.o
                0x0000000008001774                HAL_GPIO_Init
 .text.HAL_GPIO_WritePin
                0x0000000008001a60       0x30 Drivers/STM32F3xx_HAL_Driver/stm32f3xx_hal_gpio.o
                0x0000000008001a60                HAL_GPIO_WritePin
 .text.HAL_RCC_OscConfig
                0x0000000008001a90      0xddc Drivers/STM32F3xx_HAL_Driver/stm32f3xx_hal_rcc.o
                0x0000000008001a90                HAL_RCC_OscConfig
 .text.HAL_RCC_ClockConfig
                0x000000000800286c      0x2f8 Drivers/STM32F3xx_HAL_Driver/stm32f3xx_hal_rcc.o
                0x000000000800286c                HAL_RCC_ClockConfig
 .text.HAL_RCC_GetSysClockFreq
                0x0000000008002b64       0xd4 Drivers/STM32F3xx_HAL_Driver/stm32f3xx_hal_rcc.o
                0x0000000008002b64                HAL_RCC_GetSysClockFreq
 .text.HAL_RCCEx_PeriphCLKConfig
                0x0000000008002c38      0x324 Drivers/STM32F3xx_HAL_Driver/stm32f3xx_hal_rcc_ex.o
                0x0000000008002c38                HAL_RCCEx_PeriphCLKConfig
 .text.HAL_TIM_Base_Init
                0x0000000008002f5c       0x56 Drivers/STM32F3xx_HAL_Driver/stm32f3xx_hal_tim.o
                0x0000000008002f5c                HAL_TIM_Base_Init
 .text.HAL_TIM_OC_Init
                0x0000000008002fb2       0x56 Drivers/STM32F3xx_HAL_Driver/stm32f3xx_hal_tim.o
                0x0000000008002fb2                HAL_TIM_OC_Init
 .text.HAL_TIM_OC_MspInit
                0x0000000008003008       0x14 Drivers/STM32F3xx_HAL_Driver/stm32f3xx_hal_tim.o
                0x0000000008003008                HAL_TIM_OC_MspInit
 .text.HAL_TIM_IC_Init
                0x000000000800301c       0x56 Drivers/STM32F3xx_HAL_Driver/stm32f3xx_hal_tim.o
                0x000000000800301c                HAL_TIM_IC_Init
 .text.HAL_TIM_Encoder_Init
                0x0000000008003072      0x130 Drivers/STM32F3xx_HAL_Driver/stm32f3xx_hal_tim.o
                0x0000000008003072                HAL_TIM_Encoder_Init
 .text.HAL_TIM_Encoder_MspInit
                0x00000000080031a2       0x14 Drivers/STM32F3xx_HAL_Driver/stm32f3xx_hal_tim.o
                0x00000000080031a2                HAL_TIM_Encoder_MspInit
 .text.HAL_TIM_IRQHandler
                0x00000000080031b6      0x23e Drivers/STM32F3xx_HAL_Driver/stm32f3xx_hal_tim.o
                0x00000000080031b6                HAL_TIM_IRQHandler
 .text.HAL_TIM_IC_ConfigChannel
                0x00000000080033f4      0x138 Drivers/STM32F3xx_HAL_Driver/stm32f3xx_hal_tim.o
                0x00000000080033f4                HAL_TIM_IC_ConfigChannel
 .text.HAL_TIM_ConfigClockSource
                0x000000000800352c      0x1c4 Drivers/STM32F3xx_HAL_Driver/stm32f3xx_hal_tim.o
                0x000000000800352c                HAL_TIM_ConfigClockSource
 .text.HAL_TIM_PeriodElapsedCallback
                0x00000000080036f0       0x14 Drivers/STM32F3xx_HAL_Driver/stm32f3xx_hal_tim.o
                0x00000000080036f0                HAL_TIM_PeriodElapsedCallback
 .text.HAL_TIM_OC_DelayElapsedCallback
                0x0000000008003704       0x14 Drivers/STM32F3xx_HAL_Driver/stm32f3xx_hal_tim.o
                0x0000000008003704                HAL_TIM_OC_DelayElapsedCallback
 .text.HAL_TIM_IC_CaptureCallback
                0x0000000008003718       0x14 Drivers/STM32F3xx_HAL_Driver/stm32f3xx_hal_tim.o
                0x0000000008003718                HAL_TIM_IC_CaptureCallback
 .text.HAL_TIM_PWM_PulseFinishedCallback
                0x000000000800372c       0x14 Drivers/STM32F3xx_HAL_Driver/stm32f3xx_hal_tim.o
                0x000000000800372c                HAL_TIM_PWM_PulseFinishedCallback
 .text.HAL_TIM_TriggerCallback
                0x0000000008003740       0x14 Drivers/STM32F3xx_HAL_Driver/stm32f3xx_hal_tim.o
                0x0000000008003740                HAL_TIM_TriggerCallback
 .text.TIM_Base_SetConfig
                0x0000000008003754       0xe0 Drivers/STM32F3xx_HAL_Driver/stm32f3xx_hal_tim.o
                0x0000000008003754                TIM_Base_SetConfig
 .text.TIM_OC1_SetConfig
                0x0000000008003834      0x118 Drivers/STM32F3xx_HAL_Driver/stm32f3xx_hal_tim.o
                0x0000000008003834                TIM_OC1_SetConfig
 .text.TIM_OC2_SetConfig
                0x000000000800394c      0x10c Drivers/STM32F3xx_HAL_Driver/stm32f3xx_hal_tim.o
                0x000000000800394c                TIM_OC2_SetConfig
 .text.TIM_OC3_SetConfig
                0x0000000008003a58      0x108 Drivers/STM32F3xx_HAL_Driver/stm32f3xx_hal_tim.o
                0x0000000008003a58                TIM_OC3_SetConfig
 .text.TIM_OC4_SetConfig
                0x0000000008003b60       0xd4 Drivers/STM32F3xx_HAL_Driver/stm32f3xx_hal_tim.o
                0x0000000008003b60                TIM_OC4_SetConfig
 .text.TIM_TI1_SetConfig
                0x0000000008003c34       0xb4 Drivers/STM32F3xx_HAL_Driver/stm32f3xx_hal_tim.o
                0x0000000008003c34                TIM_TI1_SetConfig
 .text.TIM_TI1_ConfigInputStage
                0x0000000008003ce8       0x66 Drivers/STM32F3xx_HAL_Driver/stm32f3xx_hal_tim.o
 .text.TIM_TI2_SetConfig
                0x0000000008003d4e       0x82 Drivers/STM32F3xx_HAL_Driver/stm32f3xx_hal_tim.o
 .text.TIM_TI2_ConfigInputStage
                0x0000000008003dd0       0x68 Drivers/STM32F3xx_HAL_Driver/stm32f3xx_hal_tim.o
 .text.TIM_TI3_SetConfig
                0x0000000008003e38       0x80 Drivers/STM32F3xx_HAL_Driver/stm32f3xx_hal_tim.o
 .text.TIM_TI4_SetConfig
                0x0000000008003eb8       0x82 Drivers/STM32F3xx_HAL_Driver/stm32f3xx_hal_tim.o
 .text.TIM_ITRx_SetConfig
                0x0000000008003f3a       0x40 Drivers/STM32F3xx_HAL_Driver/stm32f3xx_hal_tim.o
 .text.TIM_ETR_SetConfig
                0x0000000008003f7a       0x44 Drivers/STM32F3xx_HAL_Driver/stm32f3xx_hal_tim.o
                0x0000000008003f7a                TIM_ETR_SetConfig
 *fill*         0x0000000008003fbe        0x2 
 .text.HAL_TIM_OC_ConfigChannel
                0x0000000008003fc0       0xfc Drivers/STM32F3xx_HAL_Driver/stm32f3xx_hal_tim_ex.o
                0x0000000008003fc0                HAL_TIM_OC_ConfigChannel
 .text.HAL_TIMEx_MasterConfigSynchronization
                0x00000000080040bc       0x9c Drivers/STM32F3xx_HAL_Driver/stm32f3xx_hal_tim_ex.o
                0x00000000080040bc                HAL_TIMEx_MasterConfigSynchronization
 .text.HAL_TIMEx_ConfigBreakDeadTime
                0x0000000008004158       0xfc Drivers/STM32F3xx_HAL_Driver/stm32f3xx_hal_tim_ex.o
                0x0000000008004158                HAL_TIMEx_ConfigBreakDeadTime
 .text.HAL_TIMEx_CommutationCallback
                0x0000000008004254       0x14 Drivers/STM32F3xx_HAL_Driver/stm32f3xx_hal_tim_ex.o
                0x0000000008004254                HAL_TIMEx_CommutationCallback
 .text.HAL_TIMEx_BreakCallback
                0x0000000008004268       0x14 Drivers/STM32F3xx_HAL_Driver/stm32f3xx_hal_tim_ex.o
                0x0000000008004268                HAL_TIMEx_BreakCallback
 .text.HAL_TIMEx_Break2Callback
                0x000000000800427c       0x14 Drivers/STM32F3xx_HAL_Driver/stm32f3xx_hal_tim_ex.o
                0x000000000800427c                HAL_TIMEx_Break2Callback
 .text.TIM_OC5_SetConfig
                0x0000000008004290       0xc8 Drivers/STM32F3xx_HAL_Driver/stm32f3xx_hal_tim_ex.o
 .text.TIM_OC6_SetConfig
                0x0000000008004358       0xcc Drivers/STM32F3xx_HAL_Driver/stm32f3xx_hal_tim_ex.o
 .text.MX_ADC1_Init
                0x0000000008004424       0xb4 Src/adc.o
                0x0000000008004424                MX_ADC1_Init
 .text.HAL_ADC_MspInit
                0x00000000080044d8       0xac Src/adc.o
                0x00000000080044d8                HAL_ADC_MspInit
 .text.MX_DAC_Init
                0x0000000008004584       0x54 Src/dac.o
                0x0000000008004584                MX_DAC_Init
 .text.HAL_DAC_MspInit
                0x00000000080045d8       0x8c Src/dac.o
                0x00000000080045d8                HAL_DAC_MspInit
 .text.MX_GPIO_Init
                0x0000000008004664       0x94 Src/gpio.o
                0x0000000008004664                MX_GPIO_Init
 .text.arm_sqrt_f32
                0x00000000080046f8       0x44 Src/main.o
 .text.main     0x000000000800473c       0x3a Src/main.o
                0x000000000800473c                main
 .text.SystemClock_Config
                0x0000000008004776       0xb2 Src/main.o
                0x0000000008004776                SystemClock_Config
 .text.Error_Handler
                0x0000000008004828        0xe Src/main.o
                0x0000000008004828                Error_Handler
 *fill*         0x0000000008004836        0x2 
 .text.HAL_MspInit
                0x0000000008004838       0x48 Src/stm32f3xx_hal_msp.o
                0x0000000008004838                HAL_MspInit
 .text.NMI_Handler
                0x0000000008004880        0xe Src/stm32f3xx_it.o
                0x0000000008004880                NMI_Handler
 .text.HardFault_Handler
                0x000000000800488e        0x6 Src/stm32f3xx_it.o
                0x000000000800488e                HardFault_Handler
 .text.MemManage_Handler
                0x0000000008004894        0x6 Src/stm32f3xx_it.o
                0x0000000008004894                MemManage_Handler
 .text.BusFault_Handler
                0x000000000800489a        0x6 Src/stm32f3xx_it.o
                0x000000000800489a                BusFault_Handler
 .text.UsageFault_Handler
                0x00000000080048a0        0x6 Src/stm32f3xx_it.o
                0x00000000080048a0                UsageFault_Handler
 .text.SVC_Handler
                0x00000000080048a6        0xe Src/stm32f3xx_it.o
                0x00000000080048a6                SVC_Handler
 .text.DebugMon_Handler
                0x00000000080048b4        0xe Src/stm32f3xx_it.o
                0x00000000080048b4                DebugMon_Handler
 .text.PendSV_Handler
                0x00000000080048c2        0xe Src/stm32f3xx_it.o
                0x00000000080048c2                PendSV_Handler
 .text.SysTick_Handler
                0x00000000080048d0        0xc Src/stm32f3xx_it.o
                0x00000000080048d0                SysTick_Handler
 .text.TIM6_DAC_IRQHandler
                0x00000000080048dc       0x1c Src/stm32f3xx_it.o
                0x00000000080048dc                TIM6_DAC_IRQHandler
 .text.SystemInit
                0x00000000080048f8       0x94 Src/system_stm32f3xx.o
                0x00000000080048f8                SystemInit
 .text.MX_TIM1_Init
                0x000000000800498c      0x18c Src/tim.o
                0x000000000800498c                MX_TIM1_Init
 .text.MX_TIM2_Init
                0x0000000008004b18       0xec Src/tim.o
                0x0000000008004b18                MX_TIM2_Init
 .text.MX_TIM6_Init
                0x0000000008004c04       0x70 Src/tim.o
                0x0000000008004c04                MX_TIM6_Init
 .text.HAL_TIM_Base_MspInit
                0x0000000008004c74       0xc0 Src/tim.o
                0x0000000008004c74                HAL_TIM_Base_MspInit
 .text.HAL_TIM_IC_MspInit
                0x0000000008004d34       0xc0 Src/tim.o
                0x0000000008004d34                HAL_TIM_IC_MspInit
 .text.HAL_TIM_MspPostInit
                0x0000000008004df4       0xac Src/tim.o
                0x0000000008004df4                HAL_TIM_MspPostInit
 .text.Reset_Handler
                0x0000000008004ea0       0x50 Startup/startup_stm32f302r8tx.o
                0x0000000008004ea0                Reset_Handler
 .text.Default_Handler
                0x0000000008004ef0        0x2 Startup/startup_stm32f302r8tx.o
                0x0000000008004ef0                RTC_Alarm_IRQHandler
                0x0000000008004ef0                TIM1_CC_IRQHandler
                0x0000000008004ef0                USB_HP_IRQHandler
                0x0000000008004ef0                PVD_IRQHandler
                0x0000000008004ef0                TAMP_STAMP_IRQHandler
                0x0000000008004ef0                EXTI3_IRQHandler
                0x0000000008004ef0                I2C3_ER_IRQHandler
                0x0000000008004ef0                USB_HP_CAN_TX_IRQHandler
                0x0000000008004ef0                EXTI0_IRQHandler
                0x0000000008004ef0                I2C2_EV_IRQHandler
                0x0000000008004ef0                FPU_IRQHandler
                0x0000000008004ef0                TIM1_UP_TIM16_IRQHandler
                0x0000000008004ef0                CAN_SCE_IRQHandler
                0x0000000008004ef0                DMA1_Channel4_IRQHandler
                0x0000000008004ef0                ADC1_IRQHandler
                0x0000000008004ef0                USART3_IRQHandler
                0x0000000008004ef0                DMA1_Channel7_IRQHandler
                0x0000000008004ef0                CAN_RX1_IRQHandler
                0x0000000008004ef0                I2C1_EV_IRQHandler
                0x0000000008004ef0                DMA1_Channel6_IRQHandler
                0x0000000008004ef0                RCC_IRQHandler
                0x0000000008004ef0                DMA1_Channel1_IRQHandler
                0x0000000008004ef0                Default_Handler
                0x0000000008004ef0                USBWakeUp_RMP_IRQHandler
                0x0000000008004ef0                EXTI15_10_IRQHandler
                0x0000000008004ef0                COMP2_IRQHandler
                0x0000000008004ef0                I2C3_EV_IRQHandler
                0x0000000008004ef0                EXTI9_5_IRQHandler
                0x0000000008004ef0                RTC_WKUP_IRQHandler
                0x0000000008004ef0                SPI2_IRQHandler
                0x0000000008004ef0                USB_LP_CAN_RX0_IRQHandler
                0x0000000008004ef0                DMA1_Channel5_IRQHandler
                0x0000000008004ef0                USB_LP_IRQHandler
                0x0000000008004ef0                EXTI4_IRQHandler
                0x0000000008004ef0                TIM1_TRG_COM_TIM17_IRQHandler
                0x0000000008004ef0                DMA1_Channel3_IRQHandler
                0x0000000008004ef0                WWDG_IRQHandler
                0x0000000008004ef0                TIM2_IRQHandler
                0x0000000008004ef0                EXTI1_IRQHandler
                0x0000000008004ef0                COMP4_6_IRQHandler
                0x0000000008004ef0                USART2_IRQHandler
                0x0000000008004ef0                I2C2_ER_IRQHandler
                0x0000000008004ef0                DMA1_Channel2_IRQHandler
                0x0000000008004ef0                FLASH_IRQHandler
                0x0000000008004ef0                USART1_IRQHandler
                0x0000000008004ef0                SPI3_IRQHandler
                0x0000000008004ef0                I2C1_ER_IRQHandler
                0x0000000008004ef0                USBWakeUp_IRQHandler
                0x0000000008004ef0                EXTI2_TSC_IRQHandler
                0x0000000008004ef0                TIM1_BRK_TIM15_IRQHandler
 *fill*         0x0000000008004ef2        0x2 
 .text.__errno  0x0000000008004ef4        0xc c:/st/stm32cubeide_1.0.1/stm32cubeide/plugins/com.st.stm32cube.ide.mcu.externaltools.gnu-tools-for-stm32.7-2018-q2-update.win32_1.0.0.201904181610/tools/bin/../lib/gcc/arm-none-eabi/7.3.1/../../../../arm-none-eabi/lib/thumb/v7e-m/fpv4-sp/hard\libc_nano.a(lib_a-errno.o)
                0x0000000008004ef4                __errno
 .text.__libc_init_array
                0x0000000008004f00       0x48 c:/st/stm32cubeide_1.0.1/stm32cubeide/plugins/com.st.stm32cube.ide.mcu.externaltools.gnu-tools-for-stm32.7-2018-q2-update.win32_1.0.0.201904181610/tools/bin/../lib/gcc/arm-none-eabi/7.3.1/../../../../arm-none-eabi/lib/thumb/v7e-m/fpv4-sp/hard\libc_nano.a(lib_a-init.o)
                0x0000000008004f00                __libc_init_array
 .text.memset   0x0000000008004f48       0x10 c:/st/stm32cubeide_1.0.1/stm32cubeide/plugins/com.st.stm32cube.ide.mcu.externaltools.gnu-tools-for-stm32.7-2018-q2-update.win32_1.0.0.201904181610/tools/bin/../lib/gcc/arm-none-eabi/7.3.1/../../../../arm-none-eabi/lib/thumb/v7e-m/fpv4-sp/hard\libc_nano.a(lib_a-memset.o)
                0x0000000008004f48                memset
 .text.sqrtf    0x0000000008004f58       0xa0 c:/st/stm32cubeide_1.0.1/stm32cubeide/plugins/com.st.stm32cube.ide.mcu.externaltools.gnu-tools-for-stm32.7-2018-q2-update.win32_1.0.0.201904181610/tools/bin/../lib/gcc/arm-none-eabi/7.3.1/../../../../arm-none-eabi/lib/thumb/v7e-m/fpv4-sp/hard\libm.a(lib_a-wf_sqrt.o)
                0x0000000008004f58                sqrtf
 .text.__ieee754_sqrtf
                0x0000000008004ff8        0x6 c:/st/stm32cubeide_1.0.1/stm32cubeide/plugins/com.st.stm32cube.ide.mcu.externaltools.gnu-tools-for-stm32.7-2018-q2-update.win32_1.0.0.201904181610/tools/bin/../lib/gcc/arm-none-eabi/7.3.1/../../../../arm-none-eabi/lib/thumb/v7e-m/fpv4-sp/hard\libm.a(lib_a-ef_sqrt.o)
                0x0000000008004ff8                __ieee754_sqrtf
 .text.matherr  0x0000000008004ffe        0x4 c:/st/stm32cubeide_1.0.1/stm32cubeide/plugins/com.st.stm32cube.ide.mcu.externaltools.gnu-tools-for-stm32.7-2018-q2-update.win32_1.0.0.201904181610/tools/bin/../lib/gcc/arm-none-eabi/7.3.1/../../../../arm-none-eabi/lib/thumb/v7e-m/fpv4-sp/hard\libm.a(lib_a-s_matherr.o)
                0x0000000008004ffe                matherr
 *(.glue_7)
 .glue_7        0x0000000008005002        0x0 linker stubs
 *(.glue_7t)
 .glue_7t       0x0000000008005002        0x0 linker stubs
 *(.eh_frame)
 *fill*         0x0000000008005002        0x2 
 .eh_frame      0x0000000008005004        0x0 c:/st/stm32cubeide_1.0.1/stm32cubeide/plugins/com.st.stm32cube.ide.mcu.externaltools.gnu-tools-for-stm32.7-2018-q2-update.win32_1.0.0.201904181610/tools/bin/../lib/gcc/arm-none-eabi/7.3.1/thumb/v7e-m/fpv4-sp/hard/crtbegin.o
 *(.init)
 .init          0x0000000008005004        0x4 c:/st/stm32cubeide_1.0.1/stm32cubeide/plugins/com.st.stm32cube.ide.mcu.externaltools.gnu-tools-for-stm32.7-2018-q2-update.win32_1.0.0.201904181610/tools/bin/../lib/gcc/arm-none-eabi/7.3.1/thumb/v7e-m/fpv4-sp/hard/crti.o
                0x0000000008005004                _init
 .init          0x0000000008005008        0x8 c:/st/stm32cubeide_1.0.1/stm32cubeide/plugins/com.st.stm32cube.ide.mcu.externaltools.gnu-tools-for-stm32.7-2018-q2-update.win32_1.0.0.201904181610/tools/bin/../lib/gcc/arm-none-eabi/7.3.1/thumb/v7e-m/fpv4-sp/hard/crtn.o
 *(.fini)
 .fini          0x0000000008005010        0x4 c:/st/stm32cubeide_1.0.1/stm32cubeide/plugins/com.st.stm32cube.ide.mcu.externaltools.gnu-tools-for-stm32.7-2018-q2-update.win32_1.0.0.201904181610/tools/bin/../lib/gcc/arm-none-eabi/7.3.1/thumb/v7e-m/fpv4-sp/hard/crti.o
                0x0000000008005010                _fini
 .fini          0x0000000008005014        0x8 c:/st/stm32cubeide_1.0.1/stm32cubeide/plugins/com.st.stm32cube.ide.mcu.externaltools.gnu-tools-for-stm32.7-2018-q2-update.win32_1.0.0.201904181610/tools/bin/../lib/gcc/arm-none-eabi/7.3.1/thumb/v7e-m/fpv4-sp/hard/crtn.o
                0x000000000800501c                . = ALIGN (0x4)
                0x000000000800501c                _etext = .

.vfp11_veneer   0x000000000800501c        0x0
 .vfp11_veneer  0x000000000800501c        0x0 linker stubs

.v4_bx          0x000000000800501c        0x0
 .v4_bx         0x000000000800501c        0x0 linker stubs

.iplt           0x000000000800501c        0x0
 .iplt          0x000000000800501c        0x0 c:/st/stm32cubeide_1.0.1/stm32cubeide/plugins/com.st.stm32cube.ide.mcu.externaltools.gnu-tools-for-stm32.7-2018-q2-update.win32_1.0.0.201904181610/tools/bin/../lib/gcc/arm-none-eabi/7.3.1/thumb/v7e-m/fpv4-sp/hard/crtbegin.o

.rodata         0x000000000800501c       0x38
                0x000000000800501c                . = ALIGN (0x4)
 *(.rodata)
 *(.rodata*)
 .rodata.aPLLMULFactorTable
                0x000000000800501c       0x10 Drivers/STM32F3xx_HAL_Driver/stm32f3xx_hal_rcc.o
                0x000000000800501c                aPLLMULFactorTable
 .rodata.aPredivFactorTable
                0x000000000800502c       0x10 Drivers/STM32F3xx_HAL_Driver/stm32f3xx_hal_rcc.o
                0x000000000800502c                aPredivFactorTable
 .rodata.AHBPrescTable
                0x000000000800503c       0x10 Src/system_stm32f3xx.o
                0x000000000800503c                AHBPrescTable
 .rodata.sqrtf.str1.1
                0x000000000800504c        0x6 c:/st/stm32cubeide_1.0.1/stm32cubeide/plugins/com.st.stm32cube.ide.mcu.externaltools.gnu-tools-for-stm32.7-2018-q2-update.win32_1.0.0.201904181610/tools/bin/../lib/gcc/arm-none-eabi/7.3.1/../../../../arm-none-eabi/lib/thumb/v7e-m/fpv4-sp/hard\libm.a(lib_a-wf_sqrt.o)
                0x0000000008005054                . = ALIGN (0x4)
 *fill*         0x0000000008005052        0x2 

.rel.dyn        0x0000000008005054        0x0
 .rel.iplt      0x0000000008005054        0x0 c:/st/stm32cubeide_1.0.1/stm32cubeide/plugins/com.st.stm32cube.ide.mcu.externaltools.gnu-tools-for-stm32.7-2018-q2-update.win32_1.0.0.201904181610/tools/bin/../lib/gcc/arm-none-eabi/7.3.1/thumb/v7e-m/fpv4-sp/hard/crtbegin.o

.ARM.extab      0x0000000008005054        0x0
                0x0000000008005054                . = ALIGN (0x4)
 *(.ARM.extab* .gnu.linkonce.armextab.*)
                0x0000000008005054                . = ALIGN (0x4)

.ARM            0x0000000008005054        0x0
                0x0000000008005054                . = ALIGN (0x4)
                0x0000000008005054                __exidx_start = .
 *(.ARM.exidx*)
                0x0000000008005054                __exidx_end = .
                0x0000000008005054                . = ALIGN (0x4)

.preinit_array  0x0000000008005054        0x0
                0x0000000008005054                . = ALIGN (0x4)
                0x0000000008005054                PROVIDE (__preinit_array_start = .)
 *(.preinit_array*)
                0x0000000008005054                PROVIDE (__preinit_array_end = .)
                0x0000000008005054                . = ALIGN (0x4)

.init_array     0x0000000008005054        0x4
                0x0000000008005054                . = ALIGN (0x4)
                0x0000000008005054                PROVIDE (__init_array_start = .)
 *(SORT_BY_NAME(.init_array.*))
 *(.init_array*)
 .init_array    0x0000000008005054        0x4 c:/st/stm32cubeide_1.0.1/stm32cubeide/plugins/com.st.stm32cube.ide.mcu.externaltools.gnu-tools-for-stm32.7-2018-q2-update.win32_1.0.0.201904181610/tools/bin/../lib/gcc/arm-none-eabi/7.3.1/thumb/v7e-m/fpv4-sp/hard/crtbegin.o
                0x0000000008005058                PROVIDE (__init_array_end = .)
                0x0000000008005058                . = ALIGN (0x4)

.fini_array     0x0000000008005058        0x4
                0x0000000008005058                . = ALIGN (0x4)
                [!provide]                        PROVIDE (__fini_array_start = .)
 *(SORT_BY_NAME(.fini_array.*))
 *(.fini_array*)
 .fini_array    0x0000000008005058        0x4 c:/st/stm32cubeide_1.0.1/stm32cubeide/plugins/com.st.stm32cube.ide.mcu.externaltools.gnu-tools-for-stm32.7-2018-q2-update.win32_1.0.0.201904181610/tools/bin/../lib/gcc/arm-none-eabi/7.3.1/thumb/v7e-m/fpv4-sp/hard/crtbegin.o
                [!provide]                        PROVIDE (__fini_array_end = .)
                0x000000000800505c                . = ALIGN (0x4)
                0x000000000800505c                _sidata = LOADADDR (.data)

.data           0x0000000020000000       0x74 load address 0x000000000800505c
                0x0000000020000000                . = ALIGN (0x4)
                0x0000000020000000                _sdata = .
 *(.data)
 *(.data*)
 .data.uwTickPrio
                0x0000000020000000        0x4 Drivers/STM32F3xx_HAL_Driver/stm32f3xx_hal.o
                0x0000000020000000                uwTickPrio
 .data.uwTickFreq
                0x0000000020000004        0x1 Drivers/STM32F3xx_HAL_Driver/stm32f3xx_hal.o
                0x0000000020000004                uwTickFreq
 *fill*         0x0000000020000005        0x3 
 .data.SystemCoreClock
                0x0000000020000008        0x4 Src/system_stm32f3xx.o
                0x0000000020000008                SystemCoreClock
 .data._impure_ptr
                0x000000002000000c        0x4 c:/st/stm32cubeide_1.0.1/stm32cubeide/plugins/com.st.stm32cube.ide.mcu.externaltools.gnu-tools-for-stm32.7-2018-q2-update.win32_1.0.0.201904181610/tools/bin/../lib/gcc/arm-none-eabi/7.3.1/../../../../arm-none-eabi/lib/thumb/v7e-m/fpv4-sp/hard\libc_nano.a(lib_a-impure.o)
                0x000000002000000c                _impure_ptr
 .data.impure_data
                0x0000000020000010       0x60 c:/st/stm32cubeide_1.0.1/stm32cubeide/plugins/com.st.stm32cube.ide.mcu.externaltools.gnu-tools-for-stm32.7-2018-q2-update.win32_1.0.0.201904181610/tools/bin/../lib/gcc/arm-none-eabi/7.3.1/../../../../arm-none-eabi/lib/thumb/v7e-m/fpv4-sp/hard\libc_nano.a(lib_a-impure.o)
 .data.__fdlib_version
                0x0000000020000070        0x1 c:/st/stm32cubeide_1.0.1/stm32cubeide/plugins/com.st.stm32cube.ide.mcu.externaltools.gnu-tools-for-stm32.7-2018-q2-update.win32_1.0.0.201904181610/tools/bin/../lib/gcc/arm-none-eabi/7.3.1/../../../../arm-none-eabi/lib/thumb/v7e-m/fpv4-sp/hard\libm.a(lib_a-s_lib_ver.o)
                0x0000000020000070                __fdlib_version
                0x0000000020000074                . = ALIGN (0x4)
 *fill*         0x0000000020000071        0x3 
                0x0000000020000074                _edata = .

.igot.plt       0x0000000020000074        0x0 load address 0x00000000080050d0
 .igot.plt      0x0000000020000074        0x0 c:/st/stm32cubeide_1.0.1/stm32cubeide/plugins/com.st.stm32cube.ide.mcu.externaltools.gnu-tools-for-stm32.7-2018-q2-update.win32_1.0.0.201904181610/tools/bin/../lib/gcc/arm-none-eabi/7.3.1/thumb/v7e-m/fpv4-sp/hard/crtbegin.o
                0x0000000020000074                . = ALIGN (0x4)

.bss            0x0000000020000074      0x148 load address 0x00000000080050d0
                0x0000000020000074                _sbss = .
                0x0000000020000074                __bss_start__ = _sbss
 *(.bss)
 .bss           0x0000000020000074       0x1c c:/st/stm32cubeide_1.0.1/stm32cubeide/plugins/com.st.stm32cube.ide.mcu.externaltools.gnu-tools-for-stm32.7-2018-q2-update.win32_1.0.0.201904181610/tools/bin/../lib/gcc/arm-none-eabi/7.3.1/thumb/v7e-m/fpv4-sp/hard/crtbegin.o
 *(.bss*)
 *(COMMON)
 COMMON         0x0000000020000090        0x4 Drivers/STM32F3xx_HAL_Driver/stm32f3xx_hal.o
                0x0000000020000090                uwTick
 COMMON         0x0000000020000094       0x54 Src/adc.o
                0x0000000020000094                hadc1
 COMMON         0x00000000200000e8       0x14 Src/dac.o
                0x00000000200000e8                hdac
 COMMON         0x00000000200000fc       0xc0 Src/tim.o
                0x00000000200000fc                htim6
                0x000000002000013c                htim1
                0x000000002000017c                htim2
                0x00000000200001bc                . = ALIGN (0x4)
                0x00000000200001bc                _ebss = .
                0x00000000200001bc                __bss_end__ = _ebss

._user_heap_stack
                0x00000000200001bc      0x604 load address 0x00000000080050d0
                0x00000000200001c0                . = ALIGN (0x8)
 *fill*         0x00000000200001bc        0x4 
                0x00000000200001c0                PROVIDE (end = .)
                [!provide]                        PROVIDE (_end = .)
                0x00000000200003c0                . = (. + _Min_Heap_Size)
 *fill*         0x00000000200001c0      0x200 
                0x00000000200007c0                . = (. + _Min_Stack_Size)
 *fill*         0x00000000200003c0      0x400 
                0x00000000200007c0                . = ALIGN (0x8)

/DISCARD/
 libc.a(*)
 libm.a(*)
 libgcc.a(*)

.ARM.attributes
                0x0000000000000000       0x30
 *(.ARM.attributes)
 .ARM.attributes
                0x0000000000000000       0x22 c:/st/stm32cubeide_1.0.1/stm32cubeide/plugins/com.st.stm32cube.ide.mcu.externaltools.gnu-tools-for-stm32.7-2018-q2-update.win32_1.0.0.201904181610/tools/bin/../lib/gcc/arm-none-eabi/7.3.1/thumb/v7e-m/fpv4-sp/hard/crti.o
 .ARM.attributes
                0x0000000000000022       0x34 c:/st/stm32cubeide_1.0.1/stm32cubeide/plugins/com.st.stm32cube.ide.mcu.externaltools.gnu-tools-for-stm32.7-2018-q2-update.win32_1.0.0.201904181610/tools/bin/../lib/gcc/arm-none-eabi/7.3.1/thumb/v7e-m/fpv4-sp/hard/crtbegin.o
 .ARM.attributes
                0x0000000000000056       0x39 Drivers/STM32F3xx_HAL_Driver/stm32f3xx_hal.o
 .ARM.attributes
                0x000000000000008f       0x39 Drivers/STM32F3xx_HAL_Driver/stm32f3xx_hal_adc_ex.o
 .ARM.attributes
                0x00000000000000c8       0x39 Drivers/STM32F3xx_HAL_Driver/stm32f3xx_hal_cortex.o
 .ARM.attributes
                0x0000000000000101       0x39 Drivers/STM32F3xx_HAL_Driver/stm32f3xx_hal_dac.o
 .ARM.attributes
                0x000000000000013a       0x39 Drivers/STM32F3xx_HAL_Driver/stm32f3xx_hal_dac_ex.o
 .ARM.attributes
                0x0000000000000173       0x39 Drivers/STM32F3xx_HAL_Driver/stm32f3xx_hal_gpio.o
 .ARM.attributes
                0x00000000000001ac       0x39 Drivers/STM32F3xx_HAL_Driver/stm32f3xx_hal_rcc.o
 .ARM.attributes
                0x00000000000001e5       0x39 Drivers/STM32F3xx_HAL_Driver/stm32f3xx_hal_rcc_ex.o
 .ARM.attributes
                0x000000000000021e       0x39 Drivers/STM32F3xx_HAL_Driver/stm32f3xx_hal_tim.o
 .ARM.attributes
                0x0000000000000257       0x39 Drivers/STM32F3xx_HAL_Driver/stm32f3xx_hal_tim_ex.o
 .ARM.attributes
                0x0000000000000290       0x39 Src/adc.o
 .ARM.attributes
                0x00000000000002c9       0x39 Src/dac.o
 .ARM.attributes
                0x0000000000000302       0x39 Src/gpio.o
 .ARM.attributes
                0x000000000000033b       0x39 Src/main.o
 .ARM.attributes
                0x0000000000000374       0x39 Src/stm32f3xx_hal_msp.o
 .ARM.attributes
                0x00000000000003ad       0x39 Src/stm32f3xx_it.o
 .ARM.attributes
                0x00000000000003e6       0x39 Src/system_stm32f3xx.o
 .ARM.attributes
                0x000000000000041f       0x39 Src/tim.o
 .ARM.attributes
                0x0000000000000458       0x21 Startup/startup_stm32f302r8tx.o
 .ARM.attributes
                0x0000000000000479       0x34 c:/st/stm32cubeide_1.0.1/stm32cubeide/plugins/com.st.stm32cube.ide.mcu.externaltools.gnu-tools-for-stm32.7-2018-q2-update.win32_1.0.0.201904181610/tools/bin/../lib/gcc/arm-none-eabi/7.3.1/../../../../arm-none-eabi/lib/thumb/v7e-m/fpv4-sp/hard\libc_nano.a(lib_a-errno.o)
 .ARM.attributes
                0x00000000000004ad       0x34 c:/st/stm32cubeide_1.0.1/stm32cubeide/plugins/com.st.stm32cube.ide.mcu.externaltools.gnu-tools-for-stm32.7-2018-q2-update.win32_1.0.0.201904181610/tools/bin/../lib/gcc/arm-none-eabi/7.3.1/../../../../arm-none-eabi/lib/thumb/v7e-m/fpv4-sp/hard\libc_nano.a(lib_a-impure.o)
 .ARM.attributes
                0x00000000000004e1       0x34 c:/st/stm32cubeide_1.0.1/stm32cubeide/plugins/com.st.stm32cube.ide.mcu.externaltools.gnu-tools-for-stm32.7-2018-q2-update.win32_1.0.0.201904181610/tools/bin/../lib/gcc/arm-none-eabi/7.3.1/../../../../arm-none-eabi/lib/thumb/v7e-m/fpv4-sp/hard\libc_nano.a(lib_a-init.o)
 .ARM.attributes
                0x0000000000000515       0x34 c:/st/stm32cubeide_1.0.1/stm32cubeide/plugins/com.st.stm32cube.ide.mcu.externaltools.gnu-tools-for-stm32.7-2018-q2-update.win32_1.0.0.201904181610/tools/bin/../lib/gcc/arm-none-eabi/7.3.1/../../../../arm-none-eabi/lib/thumb/v7e-m/fpv4-sp/hard\libc_nano.a(lib_a-memset.o)
 .ARM.attributes
                0x0000000000000549       0x34 c:/st/stm32cubeide_1.0.1/stm32cubeide/plugins/com.st.stm32cube.ide.mcu.externaltools.gnu-tools-for-stm32.7-2018-q2-update.win32_1.0.0.201904181610/tools/bin/../lib/gcc/arm-none-eabi/7.3.1/../../../../arm-none-eabi/lib/thumb/v7e-m/fpv4-sp/hard\libm.a(lib_a-wf_sqrt.o)
 .ARM.attributes
                0x000000000000057d       0x34 c:/st/stm32cubeide_1.0.1/stm32cubeide/plugins/com.st.stm32cube.ide.mcu.externaltools.gnu-tools-for-stm32.7-2018-q2-update.win32_1.0.0.201904181610/tools/bin/../lib/gcc/arm-none-eabi/7.3.1/../../../../arm-none-eabi/lib/thumb/v7e-m/fpv4-sp/hard\libm.a(lib_a-ef_sqrt.o)
 .ARM.attributes
                0x00000000000005b1       0x34 c:/st/stm32cubeide_1.0.1/stm32cubeide/plugins/com.st.stm32cube.ide.mcu.externaltools.gnu-tools-for-stm32.7-2018-q2-update.win32_1.0.0.201904181610/tools/bin/../lib/gcc/arm-none-eabi/7.3.1/../../../../arm-none-eabi/lib/thumb/v7e-m/fpv4-sp/hard\libm.a(lib_a-s_lib_ver.o)
 .ARM.attributes
                0x00000000000005e5       0x34 c:/st/stm32cubeide_1.0.1/stm32cubeide/plugins/com.st.stm32cube.ide.mcu.externaltools.gnu-tools-for-stm32.7-2018-q2-update.win32_1.0.0.201904181610/tools/bin/../lib/gcc/arm-none-eabi/7.3.1/../../../../arm-none-eabi/lib/thumb/v7e-m/fpv4-sp/hard\libm.a(lib_a-s_matherr.o)
 .ARM.attributes
                0x0000000000000619       0x22 c:/st/stm32cubeide_1.0.1/stm32cubeide/plugins/com.st.stm32cube.ide.mcu.externaltools.gnu-tools-for-stm32.7-2018-q2-update.win32_1.0.0.201904181610/tools/bin/../lib/gcc/arm-none-eabi/7.3.1/thumb/v7e-m/fpv4-sp/hard\libgcc.a(_arm_addsubdf3.o)
 .ARM.attributes
                0x000000000000063b       0x22 c:/st/stm32cubeide_1.0.1/stm32cubeide/plugins/com.st.stm32cube.ide.mcu.externaltools.gnu-tools-for-stm32.7-2018-q2-update.win32_1.0.0.201904181610/tools/bin/../lib/gcc/arm-none-eabi/7.3.1/thumb/v7e-m/fpv4-sp/hard\libgcc.a(_arm_muldivdf3.o)
 .ARM.attributes
                0x000000000000065d       0x22 c:/st/stm32cubeide_1.0.1/stm32cubeide/plugins/com.st.stm32cube.ide.mcu.externaltools.gnu-tools-for-stm32.7-2018-q2-update.win32_1.0.0.201904181610/tools/bin/../lib/gcc/arm-none-eabi/7.3.1/thumb/v7e-m/fpv4-sp/hard\libgcc.a(_arm_truncdfsf2.o)
 .ARM.attributes
                0x000000000000067f       0x22 c:/st/stm32cubeide_1.0.1/stm32cubeide/plugins/com.st.stm32cube.ide.mcu.externaltools.gnu-tools-for-stm32.7-2018-q2-update.win32_1.0.0.201904181610/tools/bin/../lib/gcc/arm-none-eabi/7.3.1/thumb/v7e-m/fpv4-sp/hard/crtn.o
OUTPUT(STM32MotorDrive.elf elf32-littlearm)

.debug_info     0x0000000000000000    0x16798
 .debug_info    0x0000000000000000      0xf85 Drivers/STM32F3xx_HAL_Driver/stm32f3xx_hal.o
 .debug_info    0x0000000000000f85     0x1b69 Drivers/STM32F3xx_HAL_Driver/stm32f3xx_hal_adc_ex.o
 .debug_info    0x0000000000002aee     0x1383 Drivers/STM32F3xx_HAL_Driver/stm32f3xx_hal_cortex.o
 .debug_info    0x0000000000003e71     0x110b Drivers/STM32F3xx_HAL_Driver/stm32f3xx_hal_dac.o
 .debug_info    0x0000000000004f7c     0x10b3 Drivers/STM32F3xx_HAL_Driver/stm32f3xx_hal_dac_ex.o
 .debug_info    0x000000000000602f      0xf29 Drivers/STM32F3xx_HAL_Driver/stm32f3xx_hal_gpio.o
 .debug_info    0x0000000000006f58     0x1ffd Drivers/STM32F3xx_HAL_Driver/stm32f3xx_hal_rcc.o
 .debug_info    0x0000000000008f55      0xe7f Drivers/STM32F3xx_HAL_Driver/stm32f3xx_hal_rcc_ex.o
 .debug_info    0x0000000000009dd4     0x2b25 Drivers/STM32F3xx_HAL_Driver/stm32f3xx_hal_tim.o
 .debug_info    0x000000000000c8f9     0x1af5 Drivers/STM32F3xx_HAL_Driver/stm32f3xx_hal_tim_ex.o
 .debug_info    0x000000000000e3ee     0x121c Src/adc.o
 .debug_info    0x000000000000f60a     0x1162 Src/dac.o
 .debug_info    0x000000000001076c      0xbe1 Src/gpio.o
 .debug_info    0x000000000001134d     0x1657 Src/main.o
 .debug_info    0x00000000000129a4      0xa8a Src/stm32f3xx_hal_msp.o
 .debug_info    0x000000000001342e     0x1054 Src/stm32f3xx_it.o
 .debug_info    0x0000000000014482      0xc6e Src/system_stm32f3xx.o
 .debug_info    0x00000000000150f0     0x1686 Src/tim.o
 .debug_info    0x0000000000016776       0x22 Startup/startup_stm32f302r8tx.o

.debug_abbrev   0x0000000000000000     0x29f5
 .debug_abbrev  0x0000000000000000      0x283 Drivers/STM32F3xx_HAL_Driver/stm32f3xx_hal.o
 .debug_abbrev  0x0000000000000283      0x287 Drivers/STM32F3xx_HAL_Driver/stm32f3xx_hal_adc_ex.o
 .debug_abbrev  0x000000000000050a      0x339 Drivers/STM32F3xx_HAL_Driver/stm32f3xx_hal_cortex.o
 .debug_abbrev  0x0000000000000843      0x214 Drivers/STM32F3xx_HAL_Driver/stm32f3xx_hal_dac.o
 .debug_abbrev  0x0000000000000a57      0x259 Drivers/STM32F3xx_HAL_Driver/stm32f3xx_hal_dac_ex.o
 .debug_abbrev  0x0000000000000cb0      0x251 Drivers/STM32F3xx_HAL_Driver/stm32f3xx_hal_gpio.o
 .debug_abbrev  0x0000000000000f01      0x314 Drivers/STM32F3xx_HAL_Driver/stm32f3xx_hal_rcc.o
 .debug_abbrev  0x0000000000001215      0x2bb Drivers/STM32F3xx_HAL_Driver/stm32f3xx_hal_rcc_ex.o
 .debug_abbrev  0x00000000000014d0      0x2b2 Drivers/STM32F3xx_HAL_Driver/stm32f3xx_hal_tim.o
 .debug_abbrev  0x0000000000001782      0x28f Drivers/STM32F3xx_HAL_Driver/stm32f3xx_hal_tim_ex.o
 .debug_abbrev  0x0000000000001a11      0x1fb Src/adc.o
 .debug_abbrev  0x0000000000001c0c      0x204 Src/dac.o
 .debug_abbrev  0x0000000000001e10      0x1c5 Src/gpio.o
 .debug_abbrev  0x0000000000001fd5      0x24a Src/main.o
 .debug_abbrev  0x000000000000221f      0x1c5 Src/stm32f3xx_hal_msp.o
 .debug_abbrev  0x00000000000023e4      0x1cb Src/stm32f3xx_it.o
 .debug_abbrev  0x00000000000025af      0x1e7 Src/system_stm32f3xx.o
 .debug_abbrev  0x0000000000002796      0x24d Src/tim.o
 .debug_abbrev  0x00000000000029e3       0x12 Startup/startup_stm32f302r8tx.o

.debug_aranges  0x0000000000000000      0xc30
 .debug_aranges
                0x0000000000000000       0xe0 Drivers/STM32F3xx_HAL_Driver/stm32f3xx_hal.o
 .debug_aranges
                0x00000000000000e0      0x140 Drivers/STM32F3xx_HAL_Driver/stm32f3xx_hal_adc_ex.o
 .debug_aranges
                0x0000000000000220      0x100 Drivers/STM32F3xx_HAL_Driver/stm32f3xx_hal_cortex.o
 .debug_aranges
                0x0000000000000320       0xa8 Drivers/STM32F3xx_HAL_Driver/stm32f3xx_hal_dac.o
 .debug_aranges
                0x00000000000003c8       0x78 Drivers/STM32F3xx_HAL_Driver/stm32f3xx_hal_dac_ex.o
 .debug_aranges
                0x0000000000000440       0x58 Drivers/STM32F3xx_HAL_Driver/stm32f3xx_hal_gpio.o
 .debug_aranges
                0x0000000000000498       0x88 Drivers/STM32F3xx_HAL_Driver/stm32f3xx_hal_rcc.o
 .debug_aranges
                0x0000000000000520       0x38 Drivers/STM32F3xx_HAL_Driver/stm32f3xx_hal_rcc_ex.o
 .debug_aranges
                0x0000000000000558      0x378 Drivers/STM32F3xx_HAL_Driver/stm32f3xx_hal_tim.o
 .debug_aranges
                0x00000000000008d0      0x178 Drivers/STM32F3xx_HAL_Driver/stm32f3xx_hal_tim_ex.o
 .debug_aranges
                0x0000000000000a48       0x30 Src/adc.o
 .debug_aranges
                0x0000000000000a78       0x30 Src/dac.o
 .debug_aranges
                0x0000000000000aa8       0x20 Src/gpio.o
 .debug_aranges
                0x0000000000000ac8       0x38 Src/main.o
 .debug_aranges
                0x0000000000000b00       0x20 Src/stm32f3xx_hal_msp.o
 .debug_aranges
                0x0000000000000b20       0x68 Src/stm32f3xx_it.o
 .debug_aranges
                0x0000000000000b88       0x28 Src/system_stm32f3xx.o
 .debug_aranges
                0x0000000000000bb0       0x58 Src/tim.o
 .debug_aranges
                0x0000000000000c08       0x28 Startup/startup_stm32f302r8tx.o

.debug_ranges   0x0000000000000000      0xb08
 .debug_ranges  0x0000000000000000       0xd0 Drivers/STM32F3xx_HAL_Driver/stm32f3xx_hal.o
 .debug_ranges  0x00000000000000d0      0x130 Drivers/STM32F3xx_HAL_Driver/stm32f3xx_hal_adc_ex.o
 .debug_ranges  0x0000000000000200       0xf0 Drivers/STM32F3xx_HAL_Driver/stm32f3xx_hal_cortex.o
 .debug_ranges  0x00000000000002f0       0x98 Drivers/STM32F3xx_HAL_Driver/stm32f3xx_hal_dac.o
 .debug_ranges  0x0000000000000388       0x68 Drivers/STM32F3xx_HAL_Driver/stm32f3xx_hal_dac_ex.o
 .debug_ranges  0x00000000000003f0       0x48 Drivers/STM32F3xx_HAL_Driver/stm32f3xx_hal_gpio.o
 .debug_ranges  0x0000000000000438       0x78 Drivers/STM32F3xx_HAL_Driver/stm32f3xx_hal_rcc.o
 .debug_ranges  0x00000000000004b0       0x28 Drivers/STM32F3xx_HAL_Driver/stm32f3xx_hal_rcc_ex.o
 .debug_ranges  0x00000000000004d8      0x368 Drivers/STM32F3xx_HAL_Driver/stm32f3xx_hal_tim.o
 .debug_ranges  0x0000000000000840      0x168 Drivers/STM32F3xx_HAL_Driver/stm32f3xx_hal_tim_ex.o
 .debug_ranges  0x00000000000009a8       0x20 Src/adc.o
 .debug_ranges  0x00000000000009c8       0x20 Src/dac.o
 .debug_ranges  0x00000000000009e8       0x10 Src/gpio.o
 .debug_ranges  0x00000000000009f8       0x28 Src/main.o
 .debug_ranges  0x0000000000000a20       0x10 Src/stm32f3xx_hal_msp.o
 .debug_ranges  0x0000000000000a30       0x58 Src/stm32f3xx_it.o
 .debug_ranges  0x0000000000000a88       0x18 Src/system_stm32f3xx.o
 .debug_ranges  0x0000000000000aa0       0x48 Src/tim.o
 .debug_ranges  0x0000000000000ae8       0x20 Startup/startup_stm32f302r8tx.o

.debug_macro    0x0000000000000000    0x1a850
 .debug_macro   0x0000000000000000      0x34f Drivers/STM32F3xx_HAL_Driver/stm32f3xx_hal.o
 .debug_macro   0x000000000000034f      0xa5a Drivers/STM32F3xx_HAL_Driver/stm32f3xx_hal.o
 .debug_macro   0x0000000000000da9       0xb1 Drivers/STM32F3xx_HAL_Driver/stm32f3xx_hal.o
 .debug_macro   0x0000000000000e5a       0x2f Drivers/STM32F3xx_HAL_Driver/stm32f3xx_hal.o
 .debug_macro   0x0000000000000e89       0x28 Drivers/STM32F3xx_HAL_Driver/stm32f3xx_hal.o
 .debug_macro   0x0000000000000eb1       0x22 Drivers/STM32F3xx_HAL_Driver/stm32f3xx_hal.o
 .debug_macro   0x0000000000000ed3       0x8e Drivers/STM32F3xx_HAL_Driver/stm32f3xx_hal.o
 .debug_macro   0x0000000000000f61       0x51 Drivers/STM32F3xx_HAL_Driver/stm32f3xx_hal.o
 .debug_macro   0x0000000000000fb2       0xef Drivers/STM32F3xx_HAL_Driver/stm32f3xx_hal.o
 .debug_macro   0x00000000000010a1       0x6a Drivers/STM32F3xx_HAL_Driver/stm32f3xx_hal.o
 .debug_macro   0x000000000000110b      0x1df Drivers/STM32F3xx_HAL_Driver/stm32f3xx_hal.o
 .debug_macro   0x00000000000012ea       0x35 Drivers/STM32F3xx_HAL_Driver/stm32f3xx_hal.o
 .debug_macro   0x000000000000131f       0x50 Drivers/STM32F3xx_HAL_Driver/stm32f3xx_hal.o
 .debug_macro   0x000000000000136f      0xd40 Drivers/STM32F3xx_HAL_Driver/stm32f3xx_hal.o
 .debug_macro   0x00000000000020af    0x110fd Drivers/STM32F3xx_HAL_Driver/stm32f3xx_hal.o
 .debug_macro   0x00000000000131ac       0x43 Drivers/STM32F3xx_HAL_Driver/stm32f3xx_hal.o
 .debug_macro   0x00000000000131ef       0x46 Drivers/STM32F3xx_HAL_Driver/stm32f3xx_hal.o
 .debug_macro   0x0000000000013235       0x18 Drivers/STM32F3xx_HAL_Driver/stm32f3xx_hal.o
 .debug_macro   0x000000000001324d       0x3c Drivers/STM32F3xx_HAL_Driver/stm32f3xx_hal.o
 .debug_macro   0x0000000000013289       0x34 Drivers/STM32F3xx_HAL_Driver/stm32f3xx_hal.o
 .debug_macro   0x00000000000132bd       0x16 Drivers/STM32F3xx_HAL_Driver/stm32f3xx_hal.o
 .debug_macro   0x00000000000132d3       0x97 Drivers/STM32F3xx_HAL_Driver/stm32f3xx_hal.o
 .debug_macro   0x000000000001336a      0x330 Drivers/STM32F3xx_HAL_Driver/stm32f3xx_hal.o
 .debug_macro   0x000000000001369a       0xfd Drivers/STM32F3xx_HAL_Driver/stm32f3xx_hal.o
 .debug_macro   0x0000000000013797       0x10 Drivers/STM32F3xx_HAL_Driver/stm32f3xx_hal.o
 .debug_macro   0x00000000000137a7       0x52 Drivers/STM32F3xx_HAL_Driver/stm32f3xx_hal.o
 .debug_macro   0x00000000000137f9       0x1f Drivers/STM32F3xx_HAL_Driver/stm32f3xx_hal.o
 .debug_macro   0x0000000000013818       0x43 Drivers/STM32F3xx_HAL_Driver/stm32f3xx_hal.o
 .debug_macro   0x000000000001385b       0x20 Drivers/STM32F3xx_HAL_Driver/stm32f3xx_hal.o
 .debug_macro   0x000000000001387b      0x1a3 Drivers/STM32F3xx_HAL_Driver/stm32f3xx_hal.o
 .debug_macro   0x0000000000013a1e       0x10 Drivers/STM32F3xx_HAL_Driver/stm32f3xx_hal.o
 .debug_macro   0x0000000000013a2e       0x1c Drivers/STM32F3xx_HAL_Driver/stm32f3xx_hal.o
 .debug_macro   0x0000000000013a4a       0x52 Drivers/STM32F3xx_HAL_Driver/stm32f3xx_hal.o
 .debug_macro   0x0000000000013a9c       0x40 Drivers/STM32F3xx_HAL_Driver/stm32f3xx_hal.o
 .debug_macro   0x0000000000013adc       0x10 Drivers/STM32F3xx_HAL_Driver/stm32f3xx_hal.o
 .debug_macro   0x0000000000013aec       0x40 Drivers/STM32F3xx_HAL_Driver/stm32f3xx_hal.o
 .debug_macro   0x0000000000013b2c       0xd7 Drivers/STM32F3xx_HAL_Driver/stm32f3xx_hal.o
 .debug_macro   0x0000000000013c03       0x1c Drivers/STM32F3xx_HAL_Driver/stm32f3xx_hal.o
 .debug_macro   0x0000000000013c1f       0x3d Drivers/STM32F3xx_HAL_Driver/stm32f3xx_hal.o
 .debug_macro   0x0000000000013c5c       0x16 Drivers/STM32F3xx_HAL_Driver/stm32f3xx_hal.o
 .debug_macro   0x0000000000013c72      0x145 Drivers/STM32F3xx_HAL_Driver/stm32f3xx_hal.o
 .debug_macro   0x0000000000013db7       0x50 Drivers/STM32F3xx_HAL_Driver/stm32f3xx_hal.o
 .debug_macro   0x0000000000013e07      0x8ff Drivers/STM32F3xx_HAL_Driver/stm32f3xx_hal.o
 .debug_macro   0x0000000000014706      0x41b Drivers/STM32F3xx_HAL_Driver/stm32f3xx_hal.o
 .debug_macro   0x0000000000014b21      0x13a Drivers/STM32F3xx_HAL_Driver/stm32f3xx_hal.o
 .debug_macro   0x0000000000014c5b      0x161 Drivers/STM32F3xx_HAL_Driver/stm32f3xx_hal.o
 .debug_macro   0x0000000000014dbc      0x1bc Drivers/STM32F3xx_HAL_Driver/stm32f3xx_hal.o
 .debug_macro   0x0000000000014f78       0x34 Drivers/STM32F3xx_HAL_Driver/stm32f3xx_hal.o
 .debug_macro   0x0000000000014fac       0x3c Drivers/STM32F3xx_HAL_Driver/stm32f3xx_hal.o
 .debug_macro   0x0000000000014fe8       0x57 Drivers/STM32F3xx_HAL_Driver/stm32f3xx_hal.o
 .debug_macro   0x000000000001503f      0x7b2 Drivers/STM32F3xx_HAL_Driver/stm32f3xx_hal.o
 .debug_macro   0x00000000000157f1       0x77 Drivers/STM32F3xx_HAL_Driver/stm32f3xx_hal.o
 .debug_macro   0x0000000000015868      0x172 Drivers/STM32F3xx_HAL_Driver/stm32f3xx_hal.o
 .debug_macro   0x00000000000159da       0x4e Drivers/STM32F3xx_HAL_Driver/stm32f3xx_hal.o
 .debug_macro   0x0000000000015a28       0xcb Drivers/STM32F3xx_HAL_Driver/stm32f3xx_hal.o
 .debug_macro   0x0000000000015af3      0x1a0 Drivers/STM32F3xx_HAL_Driver/stm32f3xx_hal.o
 .debug_macro   0x0000000000015c93      0x209 Drivers/STM32F3xx_HAL_Driver/stm32f3xx_hal.o
 .debug_macro   0x0000000000015e9c       0x5b Drivers/STM32F3xx_HAL_Driver/stm32f3xx_hal.o
 .debug_macro   0x0000000000015ef7       0x90 Drivers/STM32F3xx_HAL_Driver/stm32f3xx_hal.o
 .debug_macro   0x0000000000015f87       0x82 Drivers/STM32F3xx_HAL_Driver/stm32f3xx_hal.o
 .debug_macro   0x0000000000016009       0xd3 Drivers/STM32F3xx_HAL_Driver/stm32f3xx_hal.o
 .debug_macro   0x00000000000160dc      0x6af Drivers/STM32F3xx_HAL_Driver/stm32f3xx_hal.o
 .debug_macro   0x000000000001678b      0x328 Drivers/STM32F3xx_HAL_Driver/stm32f3xx_hal.o
 .debug_macro   0x0000000000016ab3      0x1f9 Drivers/STM32F3xx_HAL_Driver/stm32f3xx_hal.o
 .debug_macro   0x0000000000016cac      0x355 Drivers/STM32F3xx_HAL_Driver/stm32f3xx_hal_adc_ex.o
 .debug_macro   0x0000000000017001      0x32b Drivers/STM32F3xx_HAL_Driver/stm32f3xx_hal_cortex.o
 .debug_macro   0x000000000001732c      0x32c Drivers/STM32F3xx_HAL_Driver/stm32f3xx_hal_dac.o
 .debug_macro   0x0000000000017658      0x32b Drivers/STM32F3xx_HAL_Driver/stm32f3xx_hal_dac_ex.o
 .debug_macro   0x0000000000017983      0x363 Drivers/STM32F3xx_HAL_Driver/stm32f3xx_hal_gpio.o
 .debug_macro   0x0000000000017ce6      0x34f Drivers/STM32F3xx_HAL_Driver/stm32f3xx_hal_rcc.o
 .debug_macro   0x0000000000018035      0x32b Drivers/STM32F3xx_HAL_Driver/stm32f3xx_hal_rcc_ex.o
 .debug_macro   0x0000000000018360      0x32b Drivers/STM32F3xx_HAL_Driver/stm32f3xx_hal_tim.o
 .debug_macro   0x000000000001868b      0x337 Drivers/STM32F3xx_HAL_Driver/stm32f3xx_hal_tim_ex.o
 .debug_macro   0x00000000000189c2      0x344 Src/adc.o
 .debug_macro   0x0000000000018d06       0xd0 Src/adc.o
 .debug_macro   0x0000000000018dd6      0x344 Src/dac.o
 .debug_macro   0x000000000001911a      0x344 Src/gpio.o
 .debug_macro   0x000000000001945e      0x3cb Src/main.o
 .debug_macro   0x0000000000019829       0x12 Src/main.o
 .debug_macro   0x000000000001983b       0x16 Src/main.o
 .debug_macro   0x0000000000019851       0x35 Src/main.o
 .debug_macro   0x0000000000019886       0x20 Src/main.o
 .debug_macro   0x00000000000198a6      0x1e1 Src/main.o
 .debug_macro   0x0000000000019a87       0xd6 Src/main.o
 .debug_macro   0x0000000000019b5d      0x33a Src/stm32f3xx_hal_msp.o
 .debug_macro   0x0000000000019e97      0x344 Src/stm32f3xx_it.o
 .debug_macro   0x000000000001a1db      0x331 Src/system_stm32f3xx.o
 .debug_macro   0x000000000001a50c      0x344 Src/tim.o

.debug_line     0x0000000000000000     0xe2b2
 .debug_line    0x0000000000000000      0xb50 Drivers/STM32F3xx_HAL_Driver/stm32f3xx_hal.o
 .debug_line    0x0000000000000b50     0x142e Drivers/STM32F3xx_HAL_Driver/stm32f3xx_hal_adc_ex.o
 .debug_line    0x0000000000001f7e      0xc1c Drivers/STM32F3xx_HAL_Driver/stm32f3xx_hal_cortex.o
 .debug_line    0x0000000000002b9a      0xad5 Drivers/STM32F3xx_HAL_Driver/stm32f3xx_hal_dac.o
 .debug_line    0x000000000000366f      0xb52 Drivers/STM32F3xx_HAL_Driver/stm32f3xx_hal_dac_ex.o
 .debug_line    0x00000000000041c1      0xaf3 Drivers/STM32F3xx_HAL_Driver/stm32f3xx_hal_gpio.o
 .debug_line    0x0000000000004cb4     0x10aa Drivers/STM32F3xx_HAL_Driver/stm32f3xx_hal_rcc.o
 .debug_line    0x0000000000005d5e      0xbbd Drivers/STM32F3xx_HAL_Driver/stm32f3xx_hal_rcc_ex.o
 .debug_line    0x000000000000691b     0x1b6b Drivers/STM32F3xx_HAL_Driver/stm32f3xx_hal_tim.o
 .debug_line    0x0000000000008486     0x10af Drivers/STM32F3xx_HAL_Driver/stm32f3xx_hal_tim_ex.o
 .debug_line    0x0000000000009535      0x981 Src/adc.o
 .debug_line    0x0000000000009eb6      0x969 Src/dac.o
 .debug_line    0x000000000000a81f      0x93d Src/gpio.o
 .debug_line    0x000000000000b15c      0x9fe Src/main.o
 .debug_line    0x000000000000bb5a      0x939 Src/stm32f3xx_hal_msp.o
 .debug_line    0x000000000000c493      0x9f0 Src/stm32f3xx_it.o
 .debug_line    0x000000000000ce83      0x95f Src/system_stm32f3xx.o
 .debug_line    0x000000000000d7e2      0xa4f Src/tim.o
 .debug_line    0x000000000000e231       0x81 Startup/startup_stm32f302r8tx.o

.debug_str      0x0000000000000000    0x8d234
 .debug_str     0x0000000000000000    0x88b3e Drivers/STM32F3xx_HAL_Driver/stm32f3xx_hal.o
                                      0x88e93 (size before relaxing)
 .debug_str     0x0000000000088b3e      0xba5 Drivers/STM32F3xx_HAL_Driver/stm32f3xx_hal_adc_ex.o
                                      0x8934c (size before relaxing)
 .debug_str     0x00000000000896e3      0x32e Drivers/STM32F3xx_HAL_Driver/stm32f3xx_hal_cortex.o
                                      0x88e6b (size before relaxing)
 .debug_str     0x0000000000089a11      0x30f Drivers/STM32F3xx_HAL_Driver/stm32f3xx_hal_dac.o
                                      0x88c28 (size before relaxing)
 .debug_str     0x0000000000089d20      0x130 Drivers/STM32F3xx_HAL_Driver/stm32f3xx_hal_dac_ex.o
                                      0x88bdc (size before relaxing)
 .debug_str     0x0000000000089e50      0x2e2 Drivers/STM32F3xx_HAL_Driver/stm32f3xx_hal_gpio.o
                                      0x88a5d (size before relaxing)
 .debug_str     0x000000000008a132      0x438 Drivers/STM32F3xx_HAL_Driver/stm32f3xx_hal_rcc.o
                                      0x88c37 (size before relaxing)
 .debug_str     0x000000000008a56a      0x23e Drivers/STM32F3xx_HAL_Driver/stm32f3xx_hal_rcc_ex.o
                                      0x889ef (size before relaxing)
 .debug_str     0x000000000008a7a8      0xf56 Drivers/STM32F3xx_HAL_Driver/stm32f3xx_hal_tim.o
                                      0x89895 (size before relaxing)
 .debug_str     0x000000000008b6fe      0x64f Drivers/STM32F3xx_HAL_Driver/stm32f3xx_hal_tim_ex.o
                                      0x892bf (size before relaxing)
 .debug_str     0x000000000008bd4d      0x336 Src/adc.o
                                      0x88f3e (size before relaxing)
 .debug_str     0x000000000008c083       0x2c Src/dac.o
                                      0x89157 (size before relaxing)
 .debug_str     0x000000000008c0af       0x25 Src/gpio.o
                                      0x88a8b (size before relaxing)
 .debug_str     0x000000000008c0d4      0xf76 Src/main.o
                                      0x8a2e3 (size before relaxing)
 .debug_str     0x000000000008d04a       0x1b Src/stm32f3xx_hal_msp.o
                                      0x889f0 (size before relaxing)
 .debug_str     0x000000000008d065       0xb8 Src/stm32f3xx_it.o
                                      0x88f2f (size before relaxing)
 .debug_str     0x000000000008d11d       0x64 Src/system_stm32f3xx.o
                                      0x887bd (size before relaxing)
 .debug_str     0x000000000008d181       0x82 Src/tim.o
                                      0x89515 (size before relaxing)
 .debug_str     0x000000000008d203       0x31 Startup/startup_stm32f302r8tx.o
                                         0x78 (size before relaxing)

.comment        0x0000000000000000       0x7b
 .comment       0x0000000000000000       0x7b Drivers/STM32F3xx_HAL_Driver/stm32f3xx_hal.o
                                         0x7c (size before relaxing)
 .comment       0x000000000000007b       0x7c Drivers/STM32F3xx_HAL_Driver/stm32f3xx_hal_adc_ex.o
 .comment       0x000000000000007b       0x7c Drivers/STM32F3xx_HAL_Driver/stm32f3xx_hal_cortex.o
 .comment       0x000000000000007b       0x7c Drivers/STM32F3xx_HAL_Driver/stm32f3xx_hal_dac.o
 .comment       0x000000000000007b       0x7c Drivers/STM32F3xx_HAL_Driver/stm32f3xx_hal_dac_ex.o
 .comment       0x000000000000007b       0x7c Drivers/STM32F3xx_HAL_Driver/stm32f3xx_hal_gpio.o
 .comment       0x000000000000007b       0x7c Drivers/STM32F3xx_HAL_Driver/stm32f3xx_hal_rcc.o
 .comment       0x000000000000007b       0x7c Drivers/STM32F3xx_HAL_Driver/stm32f3xx_hal_rcc_ex.o
 .comment       0x000000000000007b       0x7c Drivers/STM32F3xx_HAL_Driver/stm32f3xx_hal_tim.o
 .comment       0x000000000000007b       0x7c Drivers/STM32F3xx_HAL_Driver/stm32f3xx_hal_tim_ex.o
 .comment       0x000000000000007b       0x7c Src/adc.o
 .comment       0x000000000000007b       0x7c Src/dac.o
 .comment       0x000000000000007b       0x7c Src/gpio.o
 .comment       0x000000000000007b       0x7c Src/main.o
 .comment       0x000000000000007b       0x7c Src/stm32f3xx_hal_msp.o
 .comment       0x000000000000007b       0x7c Src/stm32f3xx_it.o
 .comment       0x000000000000007b       0x7c Src/system_stm32f3xx.o
 .comment       0x000000000000007b       0x7c Src/tim.o

.debug_frame    0x0000000000000000     0x32d8
 .debug_frame   0x0000000000000000      0x334 Drivers/STM32F3xx_HAL_Driver/stm32f3xx_hal.o
 .debug_frame   0x0000000000000334      0x57c Drivers/STM32F3xx_HAL_Driver/stm32f3xx_hal_adc_ex.o
 .debug_frame   0x00000000000008b0      0x428 Drivers/STM32F3xx_HAL_Driver/stm32f3xx_hal_cortex.o
 .debug_frame   0x0000000000000cd8      0x2d4 Drivers/STM32F3xx_HAL_Driver/stm32f3xx_hal_dac.o
 .debug_frame   0x0000000000000fac      0x1dc Drivers/STM32F3xx_HAL_Driver/stm32f3xx_hal_dac_ex.o
 .debug_frame   0x0000000000001188      0x14c Drivers/STM32F3xx_HAL_Driver/stm32f3xx_hal_gpio.o
 .debug_frame   0x00000000000012d4      0x214 Drivers/STM32F3xx_HAL_Driver/stm32f3xx_hal_rcc.o
 .debug_frame   0x00000000000014e8       0xb4 Drivers/STM32F3xx_HAL_Driver/stm32f3xx_hal_rcc_ex.o
 .debug_frame   0x000000000000159c      0xffc Drivers/STM32F3xx_HAL_Driver/stm32f3xx_hal_tim.o
 .debug_frame   0x0000000000002598      0x688 Drivers/STM32F3xx_HAL_Driver/stm32f3xx_hal_tim_ex.o
 .debug_frame   0x0000000000002c20       0x7c Src/adc.o
 .debug_frame   0x0000000000002c9c       0x7c Src/dac.o
 .debug_frame   0x0000000000002d18       0x34 Src/gpio.o
 .debug_frame   0x0000000000002d4c       0x98 Src/main.o
 .debug_frame   0x0000000000002de4       0x38 Src/stm32f3xx_hal_msp.o
 .debug_frame   0x0000000000002e1c      0x128 Src/stm32f3xx_it.o
 .debug_frame   0x0000000000002f44       0x58 Src/system_stm32f3xx.o
 .debug_frame   0x0000000000002f9c      0x130 Src/tim.o
 .debug_frame   0x00000000000030cc       0x20 c:/st/stm32cubeide_1.0.1/stm32cubeide/plugins/com.st.stm32cube.ide.mcu.externaltools.gnu-tools-for-stm32.7-2018-q2-update.win32_1.0.0.201904181610/tools/bin/../lib/gcc/arm-none-eabi/7.3.1/../../../../arm-none-eabi/lib/thumb/v7e-m/fpv4-sp/hard\libc_nano.a(lib_a-errno.o)
 .debug_frame   0x00000000000030ec       0x2c c:/st/stm32cubeide_1.0.1/stm32cubeide/plugins/com.st.stm32cube.ide.mcu.externaltools.gnu-tools-for-stm32.7-2018-q2-update.win32_1.0.0.201904181610/tools/bin/../lib/gcc/arm-none-eabi/7.3.1/../../../../arm-none-eabi/lib/thumb/v7e-m/fpv4-sp/hard\libc_nano.a(lib_a-init.o)
 .debug_frame   0x0000000000003118       0x20 c:/st/stm32cubeide_1.0.1/stm32cubeide/plugins/com.st.stm32cube.ide.mcu.externaltools.gnu-tools-for-stm32.7-2018-q2-update.win32_1.0.0.201904181610/tools/bin/../lib/gcc/arm-none-eabi/7.3.1/../../../../arm-none-eabi/lib/thumb/v7e-m/fpv4-sp/hard\libc_nano.a(lib_a-memset.o)
 .debug_frame   0x0000000000003138       0x40 c:/st/stm32cubeide_1.0.1/stm32cubeide/plugins/com.st.stm32cube.ide.mcu.externaltools.gnu-tools-for-stm32.7-2018-q2-update.win32_1.0.0.201904181610/tools/bin/../lib/gcc/arm-none-eabi/7.3.1/../../../../arm-none-eabi/lib/thumb/v7e-m/fpv4-sp/hard\libm.a(lib_a-wf_sqrt.o)
 .debug_frame   0x0000000000003178       0x20 c:/st/stm32cubeide_1.0.1/stm32cubeide/plugins/com.st.stm32cube.ide.mcu.externaltools.gnu-tools-for-stm32.7-2018-q2-update.win32_1.0.0.201904181610/tools/bin/../lib/gcc/arm-none-eabi/7.3.1/../../../../arm-none-eabi/lib/thumb/v7e-m/fpv4-sp/hard\libm.a(lib_a-ef_sqrt.o)
 .debug_frame   0x0000000000003198       0x20 c:/st/stm32cubeide_1.0.1/stm32cubeide/plugins/com.st.stm32cube.ide.mcu.externaltools.gnu-tools-for-stm32.7-2018-q2-update.win32_1.0.0.201904181610/tools/bin/../lib/gcc/arm-none-eabi/7.3.1/../../../../arm-none-eabi/lib/thumb/v7e-m/fpv4-sp/hard\libm.a(lib_a-s_matherr.o)
 .debug_frame   0x00000000000031b8       0xac c:/st/stm32cubeide_1.0.1/stm32cubeide/plugins/com.st.stm32cube.ide.mcu.externaltools.gnu-tools-for-stm32.7-2018-q2-update.win32_1.0.0.201904181610/tools/bin/../lib/gcc/arm-none-eabi/7.3.1/thumb/v7e-m/fpv4-sp/hard\libgcc.a(_arm_addsubdf3.o)
 .debug_frame   0x0000000000003264       0x50 c:/st/stm32cubeide_1.0.1/stm32cubeide/plugins/com.st.stm32cube.ide.mcu.externaltools.gnu-tools-for-stm32.7-2018-q2-update.win32_1.0.0.201904181610/tools/bin/../lib/gcc/arm-none-eabi/7.3.1/thumb/v7e-m/fpv4-sp/hard\libgcc.a(_arm_muldivdf3.o)
 .debug_frame   0x00000000000032b4       0x24 c:/st/stm32cubeide_1.0.1/stm32cubeide/plugins/com.st.stm32cube.ide.mcu.externaltools.gnu-tools-for-stm32.7-2018-q2-update.win32_1.0.0.201904181610/tools/bin/../lib/gcc/arm-none-eabi/7.3.1/thumb/v7e-m/fpv4-sp/hard\libgcc.a(_arm_truncdfsf2.o)
