Archive member included to satisfy reference by file (symbol)

c:/st/stm32cubeide_1.0.1/stm32cubeide/plugins/com.st.stm32cube.ide.mcu.externaltools.gnu-tools-for-stm32.7-2018-q2-update.win32_1.0.0.201904181610/tools/bin/../lib/gcc/arm-none-eabi/7.3.1/../../../../arm-none-eabi/lib/thumb/v7e-m/fpv4-sp/hard\libc_nano.a(lib_a-errno.o)
                              Src/syscalls.o (__errno)
c:/st/stm32cubeide_1.0.1/stm32cubeide/plugins/com.st.stm32cube.ide.mcu.externaltools.gnu-tools-for-stm32.7-2018-q2-update.win32_1.0.0.201904181610/tools/bin/../lib/gcc/arm-none-eabi/7.3.1/../../../../arm-none-eabi/lib/thumb/v7e-m/fpv4-sp/hard\libc_nano.a(lib_a-exit.o)
                              c:/st/stm32cubeide_1.0.1/stm32cubeide/plugins/com.st.stm32cube.ide.mcu.externaltools.gnu-tools-for-stm32.7-2018-q2-update.win32_1.0.0.201904181610/tools/bin/../lib/gcc/arm-none-eabi/7.3.1/../../../../arm-none-eabi/lib/thumb/v7e-m/fpv4-sp/hard/crt0.o (exit)
c:/st/stm32cubeide_1.0.1/stm32cubeide/plugins/com.st.stm32cube.ide.mcu.externaltools.gnu-tools-for-stm32.7-2018-q2-update.win32_1.0.0.201904181610/tools/bin/../lib/gcc/arm-none-eabi/7.3.1/../../../../arm-none-eabi/lib/thumb/v7e-m/fpv4-sp/hard\libc_nano.a(lib_a-impure.o)
                              c:/st/stm32cubeide_1.0.1/stm32cubeide/plugins/com.st.stm32cube.ide.mcu.externaltools.gnu-tools-for-stm32.7-2018-q2-update.win32_1.0.0.201904181610/tools/bin/../lib/gcc/arm-none-eabi/7.3.1/../../../../arm-none-eabi/lib/thumb/v7e-m/fpv4-sp/hard\libc_nano.a(lib_a-exit.o) (_global_impure_ptr)
c:/st/stm32cubeide_1.0.1/stm32cubeide/plugins/com.st.stm32cube.ide.mcu.externaltools.gnu-tools-for-stm32.7-2018-q2-update.win32_1.0.0.201904181610/tools/bin/../lib/gcc/arm-none-eabi/7.3.1/../../../../arm-none-eabi/lib/thumb/v7e-m/fpv4-sp/hard\libc_nano.a(lib_a-init.o)
                              c:/st/stm32cubeide_1.0.1/stm32cubeide/plugins/com.st.stm32cube.ide.mcu.externaltools.gnu-tools-for-stm32.7-2018-q2-update.win32_1.0.0.201904181610/tools/bin/../lib/gcc/arm-none-eabi/7.3.1/../../../../arm-none-eabi/lib/thumb/v7e-m/fpv4-sp/hard/crt0.o (__libc_init_array)
c:/st/stm32cubeide_1.0.1/stm32cubeide/plugins/com.st.stm32cube.ide.mcu.externaltools.gnu-tools-for-stm32.7-2018-q2-update.win32_1.0.0.201904181610/tools/bin/../lib/gcc/arm-none-eabi/7.3.1/../../../../arm-none-eabi/lib/thumb/v7e-m/fpv4-sp/hard\libc_nano.a(lib_a-memset.o)
                              c:/st/stm32cubeide_1.0.1/stm32cubeide/plugins/com.st.stm32cube.ide.mcu.externaltools.gnu-tools-for-stm32.7-2018-q2-update.win32_1.0.0.201904181610/tools/bin/../lib/gcc/arm-none-eabi/7.3.1/../../../../arm-none-eabi/lib/thumb/v7e-m/fpv4-sp/hard/crt0.o (memset)

Allocating common symbols
Common symbol       size              file

uwTick              0x4               Drivers/STM32F3xx_HAL_Driver/stm32f3xx_hal.o
pFlash              0x20              Drivers/STM32F3xx_HAL_Driver/stm32f3xx_hal_flash.o
hadc1               0x54              Src/main.o
hdac                0x14              Src/main.o
htim6               0x40              Src/main.o
htim1               0x40              Src/main.o
htim2               0x40              Src/main.o

Discarded input sections

 .text          0x0000000000000000        0x0 c:/st/stm32cubeide_1.0.1/stm32cubeide/plugins/com.st.stm32cube.ide.mcu.externaltools.gnu-tools-for-stm32.7-2018-q2-update.win32_1.0.0.201904181610/tools/bin/../lib/gcc/arm-none-eabi/7.3.1/thumb/v7e-m/fpv4-sp/hard/crti.o
 .data          0x0000000000000000        0x0 c:/st/stm32cubeide_1.0.1/stm32cubeide/plugins/com.st.stm32cube.ide.mcu.externaltools.gnu-tools-for-stm32.7-2018-q2-update.win32_1.0.0.201904181610/tools/bin/../lib/gcc/arm-none-eabi/7.3.1/thumb/v7e-m/fpv4-sp/hard/crti.o
 .bss           0x0000000000000000        0x0 c:/st/stm32cubeide_1.0.1/stm32cubeide/plugins/com.st.stm32cube.ide.mcu.externaltools.gnu-tools-for-stm32.7-2018-q2-update.win32_1.0.0.201904181610/tools/bin/../lib/gcc/arm-none-eabi/7.3.1/thumb/v7e-m/fpv4-sp/hard/crti.o
 .data          0x0000000000000000        0x4 c:/st/stm32cubeide_1.0.1/stm32cubeide/plugins/com.st.stm32cube.ide.mcu.externaltools.gnu-tools-for-stm32.7-2018-q2-update.win32_1.0.0.201904181610/tools/bin/../lib/gcc/arm-none-eabi/7.3.1/thumb/v7e-m/fpv4-sp/hard/crtbegin.o
 .text          0x0000000000000000       0x74 c:/st/stm32cubeide_1.0.1/stm32cubeide/plugins/com.st.stm32cube.ide.mcu.externaltools.gnu-tools-for-stm32.7-2018-q2-update.win32_1.0.0.201904181610/tools/bin/../lib/gcc/arm-none-eabi/7.3.1/../../../../arm-none-eabi/lib/thumb/v7e-m/fpv4-sp/hard/crt0.o
 .data          0x0000000000000000        0x0 c:/st/stm32cubeide_1.0.1/stm32cubeide/plugins/com.st.stm32cube.ide.mcu.externaltools.gnu-tools-for-stm32.7-2018-q2-update.win32_1.0.0.201904181610/tools/bin/../lib/gcc/arm-none-eabi/7.3.1/../../../../arm-none-eabi/lib/thumb/v7e-m/fpv4-sp/hard/crt0.o
[...]
Memory Configuration

Name             Origin             Length             Attributes
FLASH            0x0000000008000000 0x0000000000010000 xr
RAM              0x0000000020000000 0x0000000000004000 xrw
*default*        0x0000000000000000 0xffffffffffffffff

Linker script and memory map

LOAD c:/st/stm32cubeide_1.0.1/stm32cubeide/plugins/com.st.stm32cube.ide.mcu.externaltools.gnu-tools-for-stm32.7-2018-q2-update.win32_1.0.0.201904181610/tools/bin/../lib/gcc/arm-none-eabi/7.3.1/thumb/v7e-m/fpv4-sp/hard/crti.o
LOAD c:/st/stm32cubeide_1.0.1/stm32cubeide/plugins/com.st.stm32cube.ide.mcu.externaltools.gnu-tools-for-stm32.7-2018-q2-update.win32_1.0.0.201904181610/tools/bin/../lib/gcc/arm-none-eabi/7.3.1/thumb/v7e-m/fpv4-sp/hard/crtbegin.o
LOAD c:/st/stm32cubeide_1.0.1/stm32cubeide/plugins/com.st.stm32cube.ide.mcu.externaltools.gnu-tools-for-stm32.7-2018-q2-update.win32_1.0.0.201904181610/tools/bin/../lib/gcc/arm-none-eabi/7.3.1/../../../../arm-none-eabi/lib/thumb/v7e-m/fpv4-sp/hard/crt0.o
LOAD Drivers/STM32F3xx_HAL_Driver/stm32f3xx_hal.o
LOAD Drivers/STM32F3xx_HAL_Driver/stm32f3xx_hal_adc.o
LOAD Drivers/STM32F3xx_HAL_Driver/stm32f3xx_hal_adc_ex.o
LOAD Drivers/STM32F3xx_HAL_Driver/stm32f3xx_hal_cortex.o
LOAD Drivers/STM32F3xx_HAL_Driver/stm32f3xx_hal_dac.o
LOAD Drivers/STM32F3xx_HAL_Driver/stm32f3xx_hal_dac_ex.o
LOAD Drivers/STM32F3xx_HAL_Driver/stm32f3xx_hal_dma.o
LOAD Drivers/STM32F3xx_HAL_Driver/stm32f3xx_hal_flash.o
LOAD Drivers/STM32F3xx_HAL_Driver/stm32f3xx_hal_flash_ex.o
LOAD Drivers/STM32F3xx_HAL_Driver/stm32f3xx_hal_gpio.o
LOAD Drivers/STM32F3xx_HAL_Driver/stm32f3xx_hal_i2c.o
LOAD Drivers/STM32F3xx_HAL_Driver/stm32f3xx_hal_i2c_ex.o
LOAD Drivers/STM32F3xx_HAL_Driver/stm32f3xx_hal_pwr.o
LOAD Drivers/STM32F3xx_HAL_Driver/stm32f3xx_hal_pwr_ex.o
LOAD Drivers/STM32F3xx_HAL_Driver/stm32f3xx_hal_rcc.o
LOAD Drivers/STM32F3xx_HAL_Driver/stm32f3xx_hal_rcc_ex.o
LOAD Drivers/STM32F3xx_HAL_Driver/stm32f3xx_hal_tim.o
LOAD Drivers/STM32F3xx_HAL_Driver/stm32f3xx_hal_tim_ex.o
LOAD Src/main.o
LOAD Src/stm32f3xx_hal_msp.o
LOAD Src/stm32f3xx_it.o
LOAD Src/syscalls.o
LOAD Src/sysmem.o
LOAD Src/system_stm32f3xx.o
LOAD Startup/startup_stm32f302r8tx.o
START GROUP
LOAD c:/st/stm32cubeide_1.0.1/stm32cubeide/plugins/com.st.stm32cube.ide.mcu.externaltools.gnu-tools-for-stm32.7-2018-q2-update.win32_1.0.0.201904181610/tools/bin/../lib/gcc/arm-none-eabi/7.3.1/../../../../arm-none-eabi/lib/thumb/v7e-m/fpv4-sp/hard\libc_nano.a
LOAD c:/st/stm32cubeide_1.0.1/stm32cubeide/plugins/com.st.stm32cube.ide.mcu.externaltools.gnu-tools-for-stm32.7-2018-q2-update.win32_1.0.0.201904181610/tools/bin/../lib/gcc/arm-none-eabi/7.3.1/../../../../arm-none-eabi/lib/thumb/v7e-m/fpv4-sp/hard\libm.a
END GROUP
START GROUP
LOAD c:/st/stm32cubeide_1.0.1/stm32cubeide/plugins/com.st.stm32cube.ide.mcu.externaltools.gnu-tools-for-stm32.7-2018-q2-update.win32_1.0.0.201904181610/tools/bin/../lib/gcc/arm-none-eabi/7.3.1/thumb/v7e-m/fpv4-sp/hard\libgcc.a
LOAD c:/st/stm32cubeide_1.0.1/stm32cubeide/plugins/com.st.stm32cube.ide.mcu.externaltools.gnu-tools-for-stm32.7-2018-q2-update.win32_1.0.0.201904181610/tools/bin/../lib/gcc/arm-none-eabi/7.3.1/../../../../arm-none-eabi/lib/thumb/v7e-m/fpv4-sp/hard\libc_nano.a
END GROUP
START GROUP
LOAD c:/st/stm32cubeide_1.0.1/stm32cubeide/plugins/com.st.stm32cube.ide.mcu.externaltools.gnu-tools-for-stm32.7-2018-q2-update.win32_1.0.0.201904181610/tools/bin/../lib/gcc/arm-none-eabi/7.3.1/thumb/v7e-m/fpv4-sp/hard\libgcc.a
LOAD c:/st/stm32cubeide_1.0.1/stm32cubeide/plugins/com.st.stm32cube.ide.mcu.externaltools.gnu-tools-for-stm32.7-2018-q2-update.win32_1.0.0.201904181610/tools/bin/../lib/gcc/arm-none-eabi/7.3.1/../../../../arm-none-eabi/lib/thumb/v7e-m/fpv4-sp/hard\libc_nano.a
LOAD c:/st/stm32cubeide_1.0.1/stm32cubeide/plugins/com.st.stm32cube.ide.mcu.externaltools.gnu-tools-for-stm32.7-2018-q2-update.win32_1.0.0.201904181610/tools/bin/../lib/gcc/arm-none-eabi/7.3.1/../../../../arm-none-eabi/lib/thumb/v7e-m/fpv4-sp/hard\libnosys.a
END GROUP
START GROUP
LOAD c:/st/stm32cubeide_1.0.1/stm32cubeide/plugins/com.st.stm32cube.ide.mcu.externaltools.gnu-tools-for-stm32.7-2018-q2-update.win32_1.0.0.201904181610/tools/bin/../lib/gcc/arm-none-eabi/7.3.1/thumb/v7e-m/fpv4-sp/hard\libgcc.a
LOAD c:/st/stm32cubeide_1.0.1/stm32cubeide/plugins/com.st.stm32cube.ide.mcu.externaltools.gnu-tools-for-stm32.7-2018-q2-update.win32_1.0.0.201904181610/tools/bin/../lib/gcc/arm-none-eabi/7.3.1/../../../../arm-none-eabi/lib/thumb/v7e-m/fpv4-sp/hard\libc_nano.a
LOAD c:/st/stm32cubeide_1.0.1/stm32cubeide/plugins/com.st.stm32cube.ide.mcu.externaltools.gnu-tools-for-stm32.7-2018-q2-update.win32_1.0.0.201904181610/tools/bin/../lib/gcc/arm-none-eabi/7.3.1/../../../../arm-none-eabi/lib/thumb/v7e-m/fpv4-sp/hard\libnosys.a
END GROUP
LOAD c:/st/stm32cubeide_1.0.1/stm32cubeide/plugins/com.st.stm32cube.ide.mcu.externaltools.gnu-tools-for-stm32.7-2018-q2-update.win32_1.0.0.201904181610/tools/bin/../lib/gcc/arm-none-eabi/7.3.1/thumb/v7e-m/fpv4-sp/hard/crtend.o
LOAD c:/st/stm32cubeide_1.0.1/stm32cubeide/plugins/com.st.stm32cube.ide.mcu.externaltools.gnu-tools-for-stm32.7-2018-q2-update.win32_1.0.0.201904181610/tools/bin/../lib/gcc/arm-none-eabi/7.3.1/thumb/v7e-m/fpv4-sp/hard/crtn.o
                0x0000000020004000                _estack = 0x20004000
                0x0000000000000200                _Min_Heap_Size = 0x200
                0x0000000000000400                _Min_Stack_Size = 0x400

.isr_vector     0x0000000008000000      0x188
                0x0000000008000000                . = ALIGN (0x4)
 *(.isr_vector)
 .isr_vector    0x0000000008000000      0x188 Startup/startup_stm32f302r8tx.o
                0x0000000008000000                g_pfnVectors
                0x0000000008000188                . = ALIGN (0x4)

.text           0x0000000008000188     0x4548
                0x0000000008000188                . = ALIGN (0x4)
 *(.text)
 .text          0x0000000008000188       0x40 c:/st/stm32cubeide_1.0.1/stm32cubeide/plugins/com.st.stm32cube.ide.mcu.externaltools.gnu-tools-for-stm32.7-2018-q2-update.win32_1.0.0.201904181610/tools/bin/../lib/gcc/arm-none-eabi/7.3.1/thumb/v7e-m/fpv4-sp/hard/crtbegin.o
 *(.text*)
 .text.HAL_Init
                0x00000000080001c8       0x2c Drivers/STM32F3xx_HAL_Driver/stm32f3xx_hal.o
                0x00000000080001c8                HAL_Init
 .text.HAL_InitTick
                0x00000000080001f4       0x60 Drivers/STM32F3xx_HAL_Driver/stm32f3xx_hal.o
                0x00000000080001f4                HAL_InitTick
 .text.HAL_IncTick
                0x0000000008000254       0x28 Drivers/STM32F3xx_HAL_Driver/stm32f3xx_hal.o
                0x0000000008000254                HAL_IncTick
 .text.HAL_GetTick
                0x000000000800027c       0x18 Drivers/STM32F3xx_HAL_Driver/stm32f3xx_hal.o
                0x000000000800027c                HAL_GetTick
 .text.HAL_ADC_Init
                0x0000000008000294      0x308 Drivers/STM32F3xx_HAL_Driver/stm32f3xx_hal_adc_ex.o
                0x0000000008000294                HAL_ADC_Init
 .text.HAL_ADC_ConfigChannel
                0x000000000800059c      0x56c Drivers/STM32F3xx_HAL_Driver/stm32f3xx_hal_adc_ex.o
                0x000000000800059c                HAL_ADC_ConfigChannel
 .text.ADC_Disable
                0x0000000008000b08       0xbe Drivers/STM32F3xx_HAL_Driver/stm32f3xx_hal_adc_ex.o
 *fill*         0x0000000008000bc6        0x2 
 .text.NVIC_SetPriorityGrouping
                0x0000000008000bc8       0x48 Drivers/STM32F3xx_HAL_Driver/stm32f3xx_hal_cortex.o
 .text.NVIC_GetPriorityGrouping
                0x0000000008000c10       0x1c Drivers/STM32F3xx_HAL_Driver/stm32f3xx_hal_cortex.o
 .text.NVIC_EnableIRQ
                0x0000000008000c2c       0x34 Drivers/STM32F3xx_HAL_Driver/stm32f3xx_hal_cortex.o
 .text.NVIC_SetPriority
                0x0000000008000c60       0x54 Drivers/STM32F3xx_HAL_Driver/stm32f3xx_hal_cortex.o
 .text.NVIC_EncodePriority
                0x0000000008000cb4       0x66 Drivers/STM32F3xx_HAL_Driver/stm32f3xx_hal_cortex.o
 *fill*         0x0000000008000d1a        0x2 
 .text.SysTick_Config
                0x0000000008000d1c       0x44 Drivers/STM32F3xx_HAL_Driver/stm32f3xx_hal_cortex.o
 .text.HAL_NVIC_SetPriorityGrouping
                0x0000000008000d60       0x16 Drivers/STM32F3xx_HAL_Driver/stm32f3xx_hal_cortex.o
                0x0000000008000d60                HAL_NVIC_SetPriorityGrouping
 .text.HAL_NVIC_SetPriority
                0x0000000008000d76       0x38 Drivers/STM32F3xx_HAL_Driver/stm32f3xx_hal_cortex.o
                0x0000000008000d76                HAL_NVIC_SetPriority
 .text.HAL_NVIC_EnableIRQ
                0x0000000008000dae       0x1c Drivers/STM32F3xx_HAL_Driver/stm32f3xx_hal_cortex.o
                0x0000000008000dae                HAL_NVIC_EnableIRQ
 .text.HAL_SYSTICK_Config
                0x0000000008000dca       0x18 Drivers/STM32F3xx_HAL_Driver/stm32f3xx_hal_cortex.o
                0x0000000008000dca                HAL_SYSTICK_Config
 .text.HAL_DAC_Init
                0x0000000008000de2       0x44 Drivers/STM32F3xx_HAL_Driver/stm32f3xx_hal_dac.o
                0x0000000008000de2                HAL_DAC_Init
 .text.HAL_DAC_DMAUnderrunCallbackCh1
                0x0000000008000e26       0x14 Drivers/STM32F3xx_HAL_Driver/stm32f3xx_hal_dac.o
                0x0000000008000e26                HAL_DAC_DMAUnderrunCallbackCh1
 .text.HAL_DAC_IRQHandler
                0x0000000008000e3a       0x62 Drivers/STM32F3xx_HAL_Driver/stm32f3xx_hal_dac_ex.o
                0x0000000008000e3a                HAL_DAC_IRQHandler
 .text.HAL_DAC_ConfigChannel
                0x0000000008000e9c       0x9a Drivers/STM32F3xx_HAL_Driver/stm32f3xx_hal_dac_ex.o
                0x0000000008000e9c                HAL_DAC_ConfigChannel
 *fill*         0x0000000008000f36        0x2 
 .text.HAL_GPIO_Init
                0x0000000008000f38      0x2ec Drivers/STM32F3xx_HAL_Driver/stm32f3xx_hal_gpio.o
                0x0000000008000f38                HAL_GPIO_Init
 .text.HAL_GPIO_WritePin
                0x0000000008001224       0x30 Drivers/STM32F3xx_HAL_Driver/stm32f3xx_hal_gpio.o
                0x0000000008001224                HAL_GPIO_WritePin
 .text.HAL_RCC_OscConfig
                0x0000000008001254      0xddc Drivers/STM32F3xx_HAL_Driver/stm32f3xx_hal_rcc.o
                0x0000000008001254                HAL_RCC_OscConfig
 .text.HAL_RCC_ClockConfig
                0x0000000008002030      0x2f8 Drivers/STM32F3xx_HAL_Driver/stm32f3xx_hal_rcc.o
                0x0000000008002030                HAL_RCC_ClockConfig
 .text.HAL_RCC_GetSysClockFreq
                0x0000000008002328       0xd4 Drivers/STM32F3xx_HAL_Driver/stm32f3xx_hal_rcc.o
                0x0000000008002328                HAL_RCC_GetSysClockFreq
 .text.HAL_RCCEx_PeriphCLKConfig
                0x00000000080023fc      0x324 Drivers/STM32F3xx_HAL_Driver/stm32f3xx_hal_rcc_ex.o
                0x00000000080023fc                HAL_RCCEx_PeriphCLKConfig
 .text.HAL_TIM_Base_Init
                0x0000000008002720       0x56 Drivers/STM32F3xx_HAL_Driver/stm32f3xx_hal_tim.o
                0x0000000008002720                HAL_TIM_Base_Init
 .text.HAL_TIM_OC_Init
                0x0000000008002776       0x56 Drivers/STM32F3xx_HAL_Driver/stm32f3xx_hal_tim.o
                0x0000000008002776                HAL_TIM_OC_Init
 .text.HAL_TIM_OC_MspInit
                0x00000000080027cc       0x14 Drivers/STM32F3xx_HAL_Driver/stm32f3xx_hal_tim.o
                0x00000000080027cc                HAL_TIM_OC_MspInit
 .text.HAL_TIM_IC_Init
                0x00000000080027e0       0x56 Drivers/STM32F3xx_HAL_Driver/stm32f3xx_hal_tim.o
                0x00000000080027e0                HAL_TIM_IC_Init
 .text.HAL_TIM_Encoder_Init
                0x0000000008002836      0x130 Drivers/STM32F3xx_HAL_Driver/stm32f3xx_hal_tim.o
                0x0000000008002836                HAL_TIM_Encoder_Init
 .text.HAL_TIM_Encoder_MspInit
                0x0000000008002966       0x14 Drivers/STM32F3xx_HAL_Driver/stm32f3xx_hal_tim.o
                0x0000000008002966                HAL_TIM_Encoder_MspInit
 .text.HAL_TIM_IRQHandler
                0x000000000800297a      0x23e Drivers/STM32F3xx_HAL_Driver/stm32f3xx_hal_tim.o
                0x000000000800297a                HAL_TIM_IRQHandler
 .text.HAL_TIM_IC_ConfigChannel
                0x0000000008002bb8      0x138 Drivers/STM32F3xx_HAL_Driver/stm32f3xx_hal_tim.o
                0x0000000008002bb8                HAL_TIM_IC_ConfigChannel
 .text.HAL_TIM_ConfigClockSource
                0x0000000008002cf0      0x1c4 Drivers/STM32F3xx_HAL_Driver/stm32f3xx_hal_tim.o
                0x0000000008002cf0                HAL_TIM_ConfigClockSource
 .text.HAL_TIM_PeriodElapsedCallback
                0x0000000008002eb4       0x14 Drivers/STM32F3xx_HAL_Driver/stm32f3xx_hal_tim.o
                0x0000000008002eb4                HAL_TIM_PeriodElapsedCallback
 .text.HAL_TIM_OC_DelayElapsedCallback
                0x0000000008002ec8       0x14 Drivers/STM32F3xx_HAL_Driver/stm32f3xx_hal_tim.o
                0x0000000008002ec8                HAL_TIM_OC_DelayElapsedCallback
 .text.HAL_TIM_IC_CaptureCallback
                0x0000000008002edc       0x14 Drivers/STM32F3xx_HAL_Driver/stm32f3xx_hal_tim.o
                0x0000000008002edc                HAL_TIM_IC_CaptureCallback
 .text.HAL_TIM_PWM_PulseFinishedCallback
                0x0000000008002ef0       0x14 Drivers/STM32F3xx_HAL_Driver/stm32f3xx_hal_tim.o
                0x0000000008002ef0                HAL_TIM_PWM_PulseFinishedCallback
 .text.HAL_TIM_TriggerCallback
                0x0000000008002f04       0x14 Drivers/STM32F3xx_HAL_Driver/stm32f3xx_hal_tim.o
                0x0000000008002f04                HAL_TIM_TriggerCallback
 .text.TIM_Base_SetConfig
                0x0000000008002f18       0xe0 Drivers/STM32F3xx_HAL_Driver/stm32f3xx_hal_tim.o
                0x0000000008002f18                TIM_Base_SetConfig
 .text.TIM_OC1_SetConfig
                0x0000000008002ff8      0x118 Drivers/STM32F3xx_HAL_Driver/stm32f3xx_hal_tim.o
                0x0000000008002ff8                TIM_OC1_SetConfig
 .text.TIM_OC2_SetConfig
                0x0000000008003110      0x10c Drivers/STM32F3xx_HAL_Driver/stm32f3xx_hal_tim.o
                0x0000000008003110                TIM_OC2_SetConfig
 .text.TIM_OC3_SetConfig
                0x000000000800321c      0x108 Drivers/STM32F3xx_HAL_Driver/stm32f3xx_hal_tim.o
                0x000000000800321c                TIM_OC3_SetConfig
 .text.TIM_OC4_SetConfig
                0x0000000008003324       0xd4 Drivers/STM32F3xx_HAL_Driver/stm32f3xx_hal_tim.o
                0x0000000008003324                TIM_OC4_SetConfig
 .text.TIM_TI1_SetConfig
                0x00000000080033f8       0xb4 Drivers/STM32F3xx_HAL_Driver/stm32f3xx_hal_tim.o
                0x00000000080033f8                TIM_TI1_SetConfig
 .text.TIM_TI1_ConfigInputStage
                0x00000000080034ac       0x66 Drivers/STM32F3xx_HAL_Driver/stm32f3xx_hal_tim.o
 .text.TIM_TI2_SetConfig
                0x0000000008003512       0x82 Drivers/STM32F3xx_HAL_Driver/stm32f3xx_hal_tim.o
 .text.TIM_TI2_ConfigInputStage
                0x0000000008003594       0x68 Drivers/STM32F3xx_HAL_Driver/stm32f3xx_hal_tim.o
 .text.TIM_TI3_SetConfig
                0x00000000080035fc       0x80 Drivers/STM32F3xx_HAL_Driver/stm32f3xx_hal_tim.o
 .text.TIM_TI4_SetConfig
                0x000000000800367c       0x82 Drivers/STM32F3xx_HAL_Driver/stm32f3xx_hal_tim.o
 .text.TIM_ITRx_SetConfig
                0x00000000080036fe       0x40 Drivers/STM32F3xx_HAL_Driver/stm32f3xx_hal_tim.o
 .text.TIM_ETR_SetConfig
                0x000000000800373e       0x44 Drivers/STM32F3xx_HAL_Driver/stm32f3xx_hal_tim.o
                0x000000000800373e                TIM_ETR_SetConfig
 *fill*         0x0000000008003782        0x2 
 .text.HAL_TIM_OC_ConfigChannel
                0x0000000008003784       0xfc Drivers/STM32F3xx_HAL_Driver/stm32f3xx_hal_tim_ex.o
                0x0000000008003784                HAL_TIM_OC_ConfigChannel
 .text.HAL_TIMEx_MasterConfigSynchronization
                0x0000000008003880       0x9c Drivers/STM32F3xx_HAL_Driver/stm32f3xx_hal_tim_ex.o
                0x0000000008003880                HAL_TIMEx_MasterConfigSynchronization
 .text.HAL_TIMEx_ConfigBreakDeadTime
                0x000000000800391c       0xfc Drivers/STM32F3xx_HAL_Driver/stm32f3xx_hal_tim_ex.o
                0x000000000800391c                HAL_TIMEx_ConfigBreakDeadTime
 .text.HAL_TIMEx_CommutationCallback
                0x0000000008003a18       0x14 Drivers/STM32F3xx_HAL_Driver/stm32f3xx_hal_tim_ex.o
                0x0000000008003a18                HAL_TIMEx_CommutationCallback
 .text.HAL_TIMEx_BreakCallback
                0x0000000008003a2c       0x14 Drivers/STM32F3xx_HAL_Driver/stm32f3xx_hal_tim_ex.o
                0x0000000008003a2c                HAL_TIMEx_BreakCallback
 .text.HAL_TIMEx_Break2Callback
                0x0000000008003a40       0x14 Drivers/STM32F3xx_HAL_Driver/stm32f3xx_hal_tim_ex.o
                0x0000000008003a40                HAL_TIMEx_Break2Callback
 .text.TIM_OC5_SetConfig
                0x0000000008003a54       0xc8 Drivers/STM32F3xx_HAL_Driver/stm32f3xx_hal_tim_ex.o
 .text.TIM_OC6_SetConfig
                0x0000000008003b1c       0xcc Drivers/STM32F3xx_HAL_Driver/stm32f3xx_hal_tim_ex.o
 .text.main     0x0000000008003be8       0x26 Src/main.o
                0x0000000008003be8                main
 .text.SystemClock_Config
                0x0000000008003c0e       0xb2 Src/main.o
                0x0000000008003c0e                SystemClock_Config
 .text.MX_ADC1_Init
                0x0000000008003cc0       0xb4 Src/main.o
 .text.MX_DAC_Init
                0x0000000008003d74       0x54 Src/main.o
 .text.MX_TIM1_Init
                0x0000000008003dc8      0x18c Src/main.o
 .text.MX_TIM2_Init
                0x0000000008003f54       0xec Src/main.o
 .text.MX_TIM6_Init
                0x0000000008004040       0x70 Src/main.o
 .text.MX_GPIO_Init
                0x00000000080040b0       0x94 Src/main.o
 .text.Error_Handler
                0x0000000008004144        0xe Src/main.o
                0x0000000008004144                Error_Handler
 *fill*         0x0000000008004152        0x2 
 .text.HAL_MspInit
                0x0000000008004154       0x48 Src/stm32f3xx_hal_msp.o
                0x0000000008004154                HAL_MspInit
 .text.HAL_ADC_MspInit
                0x000000000800419c       0xac Src/stm32f3xx_hal_msp.o
                0x000000000800419c                HAL_ADC_MspInit
 .text.HAL_DAC_MspInit
                0x0000000008004248       0x8c Src/stm32f3xx_hal_msp.o
                0x0000000008004248                HAL_DAC_MspInit
 .text.HAL_TIM_Base_MspInit
                0x00000000080042d4       0xc0 Src/stm32f3xx_hal_msp.o
                0x00000000080042d4                HAL_TIM_Base_MspInit
 .text.HAL_TIM_IC_MspInit
                0x0000000008004394       0xc0 Src/stm32f3xx_hal_msp.o
                0x0000000008004394                HAL_TIM_IC_MspInit
 .text.HAL_TIM_MspPostInit
                0x0000000008004454       0xac Src/stm32f3xx_hal_msp.o
                0x0000000008004454                HAL_TIM_MspPostInit
 .text.NMI_Handler
                0x0000000008004500        0xe Src/stm32f3xx_it.o
                0x0000000008004500                NMI_Handler
 .text.HardFault_Handler
                0x000000000800450e        0x6 Src/stm32f3xx_it.o
                0x000000000800450e                HardFault_Handler
 .text.MemManage_Handler
                0x0000000008004514        0x6 Src/stm32f3xx_it.o
                0x0000000008004514                MemManage_Handler
 .text.BusFault_Handler
                0x000000000800451a        0x6 Src/stm32f3xx_it.o
                0x000000000800451a                BusFault_Handler
 .text.UsageFault_Handler
                0x0000000008004520        0x6 Src/stm32f3xx_it.o
                0x0000000008004520                UsageFault_Handler
 .text.SVC_Handler
                0x0000000008004526        0xe Src/stm32f3xx_it.o
                0x0000000008004526                SVC_Handler
 .text.DebugMon_Handler
                0x0000000008004534        0xe Src/stm32f3xx_it.o
                0x0000000008004534                DebugMon_Handler
 .text.PendSV_Handler
                0x0000000008004542        0xe Src/stm32f3xx_it.o
                0x0000000008004542                PendSV_Handler
 .text.SysTick_Handler
                0x0000000008004550        0xc Src/stm32f3xx_it.o
                0x0000000008004550                SysTick_Handler
 .text.TIM6_DAC_IRQHandler
                0x000000000800455c       0x1c Src/stm32f3xx_it.o
                0x000000000800455c                TIM6_DAC_IRQHandler
 .text.SystemInit
                0x0000000008004578       0x94 Src/system_stm32f3xx.o
                0x0000000008004578                SystemInit
 .text.Reset_Handler
                0x000000000800460c       0x50 Startup/startup_stm32f302r8tx.o
                0x000000000800460c                Reset_Handler
 .text.Default_Handler
                0x000000000800465c        0x2 Startup/startup_stm32f302r8tx.o
                0x000000000800465c                RTC_Alarm_IRQHandler
                0x000000000800465c                TIM1_CC_IRQHandler
                0x000000000800465c                USB_HP_IRQHandler
                0x000000000800465c                PVD_IRQHandler
                0x000000000800465c                TAMP_STAMP_IRQHandler
                0x000000000800465c                EXTI3_IRQHandler
                0x000000000800465c                I2C3_ER_IRQHandler
                0x000000000800465c                USB_HP_CAN_TX_IRQHandler
                0x000000000800465c                EXTI0_IRQHandler
                0x000000000800465c                I2C2_EV_IRQHandler
                0x000000000800465c                FPU_IRQHandler
                0x000000000800465c                TIM1_UP_TIM16_IRQHandler
                0x000000000800465c                CAN_SCE_IRQHandler
                0x000000000800465c                DMA1_Channel4_IRQHandler
                0x000000000800465c                ADC1_IRQHandler
                0x000000000800465c                USART3_IRQHandler
                0x000000000800465c                DMA1_Channel7_IRQHandler
                0x000000000800465c                CAN_RX1_IRQHandler
                0x000000000800465c                I2C1_EV_IRQHandler
                0x000000000800465c                DMA1_Channel6_IRQHandler
                0x000000000800465c                RCC_IRQHandler
                0x000000000800465c                DMA1_Channel1_IRQHandler
                0x000000000800465c                Default_Handler
                0x000000000800465c                USBWakeUp_RMP_IRQHandler
                0x000000000800465c                EXTI15_10_IRQHandler
                0x000000000800465c                COMP2_IRQHandler
                0x000000000800465c                I2C3_EV_IRQHandler
                0x000000000800465c                EXTI9_5_IRQHandler
                0x000000000800465c                RTC_WKUP_IRQHandler
                0x000000000800465c                SPI2_IRQHandler
                0x000000000800465c                USB_LP_CAN_RX0_IRQHandler
                0x000000000800465c                DMA1_Channel5_IRQHandler
                0x000000000800465c                USB_LP_IRQHandler
                0x000000000800465c                EXTI4_IRQHandler
                0x000000000800465c                TIM1_TRG_COM_TIM17_IRQHandler
                0x000000000800465c                DMA1_Channel3_IRQHandler
                0x000000000800465c                WWDG_IRQHandler
                0x000000000800465c                TIM2_IRQHandler
                0x000000000800465c                EXTI1_IRQHandler
                0x000000000800465c                COMP4_6_IRQHandler
                0x000000000800465c                USART2_IRQHandler
                0x000000000800465c                I2C2_ER_IRQHandler
                0x000000000800465c                DMA1_Channel2_IRQHandler
                0x000000000800465c                FLASH_IRQHandler
                0x000000000800465c                USART1_IRQHandler
                0x000000000800465c                SPI3_IRQHandler
                0x000000000800465c                I2C1_ER_IRQHandler
                0x000000000800465c                USBWakeUp_IRQHandler
                0x000000000800465c                EXTI2_TSC_IRQHandler
                0x000000000800465c                TIM1_BRK_TIM15_IRQHandler
 *fill*         0x000000000800465e        0x2 
 .text.__libc_init_array
                0x0000000008004660       0x48 c:/st/stm32cubeide_1.0.1/stm32cubeide/plugins/com.st.stm32cube.ide.mcu.externaltools.gnu-tools-for-stm32.7-2018-q2-update.win32_1.0.0.201904181610/tools/bin/../lib/gcc/arm-none-eabi/7.3.1/../../../../arm-none-eabi/lib/thumb/v7e-m/fpv4-sp/hard\libc_nano.a(lib_a-init.o)
                0x0000000008004660                __libc_init_array
 .text.memset   0x00000000080046a8       0x10 c:/st/stm32cubeide_1.0.1/stm32cubeide/plugins/com.st.stm32cube.ide.mcu.externaltools.gnu-tools-for-stm32.7-2018-q2-update.win32_1.0.0.201904181610/tools/bin/../lib/gcc/arm-none-eabi/7.3.1/../../../../arm-none-eabi/lib/thumb/v7e-m/fpv4-sp/hard\libc_nano.a(lib_a-memset.o)
                0x00000000080046a8                memset
 *(.glue_7)
 .glue_7        0x00000000080046b8        0x0 linker stubs
 *(.glue_7t)
 .glue_7t       0x00000000080046b8        0x0 linker stubs
 *(.eh_frame)
 .eh_frame      0x00000000080046b8        0x0 c:/st/stm32cubeide_1.0.1/stm32cubeide/plugins/com.st.stm32cube.ide.mcu.externaltools.gnu-tools-for-stm32.7-2018-q2-update.win32_1.0.0.201904181610/tools/bin/../lib/gcc/arm-none-eabi/7.3.1/thumb/v7e-m/fpv4-sp/hard/crtbegin.o
 *(.init)
 .init          0x00000000080046b8        0x4 c:/st/stm32cubeide_1.0.1/stm32cubeide/plugins/com.st.stm32cube.ide.mcu.externaltools.gnu-tools-for-stm32.7-2018-q2-update.win32_1.0.0.201904181610/tools/bin/../lib/gcc/arm-none-eabi/7.3.1/thumb/v7e-m/fpv4-sp/hard/crti.o
                0x00000000080046b8                _init
 .init          0x00000000080046bc        0x8 c:/st/stm32cubeide_1.0.1/stm32cubeide/plugins/com.st.stm32cube.ide.mcu.externaltools.gnu-tools-for-stm32.7-2018-q2-update.win32_1.0.0.201904181610/tools/bin/../lib/gcc/arm-none-eabi/7.3.1/thumb/v7e-m/fpv4-sp/hard/crtn.o
 *(.fini)
 .fini          0x00000000080046c4        0x4 c:/st/stm32cubeide_1.0.1/stm32cubeide/plugins/com.st.stm32cube.ide.mcu.externaltools.gnu-tools-for-stm32.7-2018-q2-update.win32_1.0.0.201904181610/tools/bin/../lib/gcc/arm-none-eabi/7.3.1/thumb/v7e-m/fpv4-sp/hard/crti.o
                0x00000000080046c4                _fini
 .fini          0x00000000080046c8        0x8 c:/st/stm32cubeide_1.0.1/stm32cubeide/plugins/com.st.stm32cube.ide.mcu.externaltools.gnu-tools-for-stm32.7-2018-q2-update.win32_1.0.0.201904181610/tools/bin/../lib/gcc/arm-none-eabi/7.3.1/thumb/v7e-m/fpv4-sp/hard/crtn.o
                0x00000000080046d0                . = ALIGN (0x4)
                0x00000000080046d0                _etext = .

.vfp11_veneer   0x00000000080046d0        0x0
 .vfp11_veneer  0x00000000080046d0        0x0 linker stubs

.v4_bx          0x00000000080046d0        0x0
 .v4_bx         0x00000000080046d0        0x0 linker stubs

.iplt           0x00000000080046d0        0x0
 .iplt          0x00000000080046d0        0x0 c:/st/stm32cubeide_1.0.1/stm32cubeide/plugins/com.st.stm32cube.ide.mcu.externaltools.gnu-tools-for-stm32.7-2018-q2-update.win32_1.0.0.201904181610/tools/bin/../lib/gcc/arm-none-eabi/7.3.1/thumb/v7e-m/fpv4-sp/hard/crtbegin.o

.rodata         0x00000000080046d0       0x30
                0x00000000080046d0                . = ALIGN (0x4)
 *(.rodata)
 *(.rodata*)
 .rodata.aPLLMULFactorTable
                0x00000000080046d0       0x10 Drivers/STM32F3xx_HAL_Driver/stm32f3xx_hal_rcc.o
                0x00000000080046d0                aPLLMULFactorTable
 .rodata.aPredivFactorTable
                0x00000000080046e0       0x10 Drivers/STM32F3xx_HAL_Driver/stm32f3xx_hal_rcc.o
                0x00000000080046e0                aPredivFactorTable
 .rodata.AHBPrescTable
                0x00000000080046f0       0x10 Src/system_stm32f3xx.o
                0x00000000080046f0                AHBPrescTable
                0x0000000008004700                . = ALIGN (0x4)

.rel.dyn        0x0000000008004700        0x0
 .rel.iplt      0x0000000008004700        0x0 c:/st/stm32cubeide_1.0.1/stm32cubeide/plugins/com.st.stm32cube.ide.mcu.externaltools.gnu-tools-for-stm32.7-2018-q2-update.win32_1.0.0.201904181610/tools/bin/../lib/gcc/arm-none-eabi/7.3.1/thumb/v7e-m/fpv4-sp/hard/crtbegin.o

.ARM.extab      0x0000000008004700        0x0
                0x0000000008004700                . = ALIGN (0x4)
 *(.ARM.extab* .gnu.linkonce.armextab.*)
                0x0000000008004700                . = ALIGN (0x4)

.ARM            0x0000000008004700        0x0
                0x0000000008004700                . = ALIGN (0x4)
                0x0000000008004700                __exidx_start = .
 *(.ARM.exidx*)
                0x0000000008004700                __exidx_end = .
                0x0000000008004700                . = ALIGN (0x4)

.preinit_array  0x0000000008004700        0x0
                0x0000000008004700                . = ALIGN (0x4)
                0x0000000008004700                PROVIDE (__preinit_array_start = .)
 *(.preinit_array*)
                0x0000000008004700                PROVIDE (__preinit_array_end = .)
                0x0000000008004700                . = ALIGN (0x4)

.init_array     0x0000000008004700        0x4
                0x0000000008004700                . = ALIGN (0x4)
                0x0000000008004700                PROVIDE (__init_array_start = .)
 *(SORT_BY_NAME(.init_array.*))
 *(.init_array*)
 .init_array    0x0000000008004700        0x4 c:/st/stm32cubeide_1.0.1/stm32cubeide/plugins/com.st.stm32cube.ide.mcu.externaltools.gnu-tools-for-stm32.7-2018-q2-update.win32_1.0.0.201904181610/tools/bin/../lib/gcc/arm-none-eabi/7.3.1/thumb/v7e-m/fpv4-sp/hard/crtbegin.o
                0x0000000008004704                PROVIDE (__init_array_end = .)
                0x0000000008004704                . = ALIGN (0x4)

.fini_array     0x0000000008004704        0x4
                0x0000000008004704                . = ALIGN (0x4)
                [!provide]                        PROVIDE (__fini_array_start = .)
 *(SORT_BY_NAME(.fini_array.*))
 *(.fini_array*)
 .fini_array    0x0000000008004704        0x4 c:/st/stm32cubeide_1.0.1/stm32cubeide/plugins/com.st.stm32cube.ide.mcu.externaltools.gnu-tools-for-stm32.7-2018-q2-update.win32_1.0.0.201904181610/tools/bin/../lib/gcc/arm-none-eabi/7.3.1/thumb/v7e-m/fpv4-sp/hard/crtbegin.o
                [!provide]                        PROVIDE (__fini_array_end = .)
                0x0000000008004708                . = ALIGN (0x4)
                0x0000000008004708                _sidata = LOADADDR (.data)

.data           0x0000000020000000        0xc load address 0x0000000008004708
                0x0000000020000000                . = ALIGN (0x4)
                0x0000000020000000                _sdata = .
 *(.data)
 *(.data*)
 .data.uwTickPrio
                0x0000000020000000        0x4 Drivers/STM32F3xx_HAL_Driver/stm32f3xx_hal.o
                0x0000000020000000                uwTickPrio
 .data.uwTickFreq
                0x0000000020000004        0x1 Drivers/STM32F3xx_HAL_Driver/stm32f3xx_hal.o
                0x0000000020000004                uwTickFreq
 *fill*         0x0000000020000005        0x3 
 .data.SystemCoreClock
                0x0000000020000008        0x4 Src/system_stm32f3xx.o
                0x0000000020000008                SystemCoreClock
                0x000000002000000c                . = ALIGN (0x4)
                0x000000002000000c                _edata = .

.igot.plt       0x000000002000000c        0x0 load address 0x0000000008004714
 .igot.plt      0x000000002000000c        0x0 c:/st/stm32cubeide_1.0.1/stm32cubeide/plugins/com.st.stm32cube.ide.mcu.externaltools.gnu-tools-for-stm32.7-2018-q2-update.win32_1.0.0.201904181610/tools/bin/../lib/gcc/arm-none-eabi/7.3.1/thumb/v7e-m/fpv4-sp/hard/crtbegin.o
                0x000000002000000c                . = ALIGN (0x4)

.bss            0x000000002000000c      0x148 load address 0x0000000008004714
                0x000000002000000c                _sbss = .
                0x000000002000000c                __bss_start__ = _sbss
 *(.bss)
 .bss           0x000000002000000c       0x1c c:/st/stm32cubeide_1.0.1/stm32cubeide/plugins/com.st.stm32cube.ide.mcu.externaltools.gnu-tools-for-stm32.7-2018-q2-update.win32_1.0.0.201904181610/tools/bin/../lib/gcc/arm-none-eabi/7.3.1/thumb/v7e-m/fpv4-sp/hard/crtbegin.o
 *(.bss*)
 *(COMMON)
 COMMON         0x0000000020000028        0x4 Drivers/STM32F3xx_HAL_Driver/stm32f3xx_hal.o
                0x0000000020000028                uwTick
 COMMON         0x000000002000002c      0x128 Src/main.o
                0x000000002000002c                hadc1
                0x0000000020000080                hdac
                0x0000000020000094                htim6
                0x00000000200000d4                htim1
                0x0000000020000114                htim2
                0x0000000020000154                . = ALIGN (0x4)
                0x0000000020000154                _ebss = .
                0x0000000020000154                __bss_end__ = _ebss

._user_heap_stack
                0x0000000020000154      0x604 load address 0x0000000008004714
                0x0000000020000158                . = ALIGN (0x8)
 *fill*         0x0000000020000154        0x4 
                0x0000000020000158                PROVIDE (end = .)
                [!provide]                        PROVIDE (_end = .)
                0x0000000020000358                . = (. + _Min_Heap_Size)
 *fill*         0x0000000020000158      0x200 
                0x0000000020000758                . = (. + _Min_Stack_Size)
 *fill*         0x0000000020000358      0x400 
                0x0000000020000758                . = ALIGN (0x8)

/DISCARD/
 libc.a(*)
 libm.a(*)
 libgcc.a(*)

.ARM.attributes
                0x0000000000000000       0x30
 *(.ARM.attributes)
 .ARM.attributes
                0x0000000000000000       0x22 c:/st/stm32cubeide_1.0.1/stm32cubeide/plugins/com.st.stm32cube.ide.mcu.externaltools.gnu-tools-for-stm32.7-2018-q2-update.win32_1.0.0.201904181610/tools/bin/../lib/gcc/arm-none-eabi/7.3.1/thumb/v7e-m/fpv4-sp/hard/crti.o
 .ARM.attributes
                0x0000000000000022       0x34 c:/st/stm32cubeide_1.0.1/stm32cubeide/plugins/com.st.stm32cube.ide.mcu.externaltools.gnu-tools-for-stm32.7-2018-q2-update.win32_1.0.0.201904181610/tools/bin/../lib/gcc/arm-none-eabi/7.3.1/thumb/v7e-m/fpv4-sp/hard/crtbegin.o
 .ARM.attributes
                0x0000000000000056       0x39 Drivers/STM32F3xx_HAL_Driver/stm32f3xx_hal.o
 .ARM.attributes
                0x000000000000008f       0x39 Drivers/STM32F3xx_HAL_Driver/stm32f3xx_hal_adc_ex.o
 .ARM.attributes
                0x00000000000000c8       0x39 Drivers/STM32F3xx_HAL_Driver/stm32f3xx_hal_cortex.o
 .ARM.attributes
                0x0000000000000101       0x39 Drivers/STM32F3xx_HAL_Driver/stm32f3xx_hal_dac.o
 .ARM.attributes
                0x000000000000013a       0x39 Drivers/STM32F3xx_HAL_Driver/stm32f3xx_hal_dac_ex.o
 .ARM.attributes
                0x0000000000000173       0x39 Drivers/STM32F3xx_HAL_Driver/stm32f3xx_hal_gpio.o
 .ARM.attributes
                0x00000000000001ac       0x39 Drivers/STM32F3xx_HAL_Driver/stm32f3xx_hal_rcc.o
 .ARM.attributes
                0x00000000000001e5       0x39 Drivers/STM32F3xx_HAL_Driver/stm32f3xx_hal_rcc_ex.o
 .ARM.attributes
                0x000000000000021e       0x39 Drivers/STM32F3xx_HAL_Driver/stm32f3xx_hal_tim.o
 .ARM.attributes
                0x0000000000000257       0x39 Drivers/STM32F3xx_HAL_Driver/stm32f3xx_hal_tim_ex.o
 .ARM.attributes
                0x0000000000000290       0x39 Src/main.o
 .ARM.attributes
                0x00000000000002c9       0x39 Src/stm32f3xx_hal_msp.o
 .ARM.attributes
                0x0000000000000302       0x39 Src/stm32f3xx_it.o
 .ARM.attributes
                0x000000000000033b       0x39 Src/system_stm32f3xx.o
 .ARM.attributes
                0x0000000000000374       0x21 Startup/startup_stm32f302r8tx.o
 .ARM.attributes
                0x0000000000000395       0x34 c:/st/stm32cubeide_1.0.1/stm32cubeide/plugins/com.st.stm32cube.ide.mcu.externaltools.gnu-tools-for-stm32.7-2018-q2-update.win32_1.0.0.201904181610/tools/bin/../lib/gcc/arm-none-eabi/7.3.1/../../../../arm-none-eabi/lib/thumb/v7e-m/fpv4-sp/hard\libc_nano.a(lib_a-init.o)
 .ARM.attributes
                0x00000000000003c9       0x34 c:/st/stm32cubeide_1.0.1/stm32cubeide/plugins/com.st.stm32cube.ide.mcu.externaltools.gnu-tools-for-stm32.7-2018-q2-update.win32_1.0.0.201904181610/tools/bin/../lib/gcc/arm-none-eabi/7.3.1/../../../../arm-none-eabi/lib/thumb/v7e-m/fpv4-sp/hard\libc_nano.a(lib_a-memset.o)
 .ARM.attributes
                0x00000000000003fd       0x22 c:/st/stm32cubeide_1.0.1/stm32cubeide/plugins/com.st.stm32cube.ide.mcu.externaltools.gnu-tools-for-stm32.7-2018-q2-update.win32_1.0.0.201904181610/tools/bin/../lib/gcc/arm-none-eabi/7.3.1/thumb/v7e-m/fpv4-sp/hard/crtn.o
OUTPUT(STM32MotorDrive.elf elf32-littlearm)

.debug_info     0x0000000000000000    0x1360b
 .debug_info    0x0000000000000000      0xf85 Drivers/STM32F3xx_HAL_Driver/stm32f3xx_hal.o
 .debug_info    0x0000000000000f85     0x1b69 Drivers/STM32F3xx_HAL_Driver/stm32f3xx_hal_adc_ex.o
 .debug_info    0x0000000000002aee     0x1383 Drivers/STM32F3xx_HAL_Driver/stm32f3xx_hal_cortex.o
 .debug_info    0x0000000000003e71     0x110b Drivers/STM32F3xx_HAL_Driver/stm32f3xx_hal_dac.o
 .debug_info    0x0000000000004f7c     0x10b3 Drivers/STM32F3xx_HAL_Driver/stm32f3xx_hal_dac_ex.o
 .debug_info    0x000000000000602f      0xf29 Drivers/STM32F3xx_HAL_Driver/stm32f3xx_hal_gpio.o
 .debug_info    0x0000000000006f58     0x1ffd Drivers/STM32F3xx_HAL_Driver/stm32f3xx_hal_rcc.o
 .debug_info    0x0000000000008f55      0xe7f Drivers/STM32F3xx_HAL_Driver/stm32f3xx_hal_rcc_ex.o
 .debug_info    0x0000000000009dd4     0x2b25 Drivers/STM32F3xx_HAL_Driver/stm32f3xx_hal_tim.o
 .debug_info    0x000000000000c8f9     0x1af5 Drivers/STM32F3xx_HAL_Driver/stm32f3xx_hal_tim_ex.o
 .debug_info    0x000000000000e3ee     0x1bde Src/main.o
 .debug_info    0x000000000000ffcc     0x195b Src/stm32f3xx_hal_msp.o
 .debug_info    0x0000000000011927     0x1054 Src/stm32f3xx_it.o
 .debug_info    0x000000000001297b      0xc6e Src/system_stm32f3xx.o
 .debug_info    0x00000000000135e9       0x22 Startup/startup_stm32f302r8tx.o

.debug_abbrev   0x0000000000000000     0x226f
 .debug_abbrev  0x0000000000000000      0x283 Drivers/STM32F3xx_HAL_Driver/stm32f3xx_hal.o
 .debug_abbrev  0x0000000000000283      0x287 Drivers/STM32F3xx_HAL_Driver/stm32f3xx_hal_adc_ex.o
 .debug_abbrev  0x000000000000050a      0x339 Drivers/STM32F3xx_HAL_Driver/stm32f3xx_hal_cortex.o
 .debug_abbrev  0x0000000000000843      0x214 Drivers/STM32F3xx_HAL_Driver/stm32f3xx_hal_dac.o
 .debug_abbrev  0x0000000000000a57      0x259 Drivers/STM32F3xx_HAL_Driver/stm32f3xx_hal_dac_ex.o
 .debug_abbrev  0x0000000000000cb0      0x251 Drivers/STM32F3xx_HAL_Driver/stm32f3xx_hal_gpio.o
 .debug_abbrev  0x0000000000000f01      0x314 Drivers/STM32F3xx_HAL_Driver/stm32f3xx_hal_rcc.o
 .debug_abbrev  0x0000000000001215      0x2bb Drivers/STM32F3xx_HAL_Driver/stm32f3xx_hal_rcc_ex.o
 .debug_abbrev  0x00000000000014d0      0x2b2 Drivers/STM32F3xx_HAL_Driver/stm32f3xx_hal_tim.o
 .debug_abbrev  0x0000000000001782      0x28f Drivers/STM32F3xx_HAL_Driver/stm32f3xx_hal_tim_ex.o
 .debug_abbrev  0x0000000000001a11      0x25a Src/main.o
 .debug_abbrev  0x0000000000001c6b      0x240 Src/stm32f3xx_hal_msp.o
 .debug_abbrev  0x0000000000001eab      0x1cb Src/stm32f3xx_it.o
 .debug_abbrev  0x0000000000002076      0x1e7 Src/system_stm32f3xx.o
 .debug_abbrev  0x000000000000225d       0x12 Startup/startup_stm32f302r8tx.o

.debug_aranges  0x0000000000000000      0xbc8
 .debug_aranges
                0x0000000000000000       0xe0 Drivers/STM32F3xx_HAL_Driver/stm32f3xx_hal.o
 .debug_aranges
                0x00000000000000e0      0x140 Drivers/STM32F3xx_HAL_Driver/stm32f3xx_hal_adc_ex.o
 .debug_aranges
                0x0000000000000220      0x100 Drivers/STM32F3xx_HAL_Driver/stm32f3xx_hal_cortex.o
 .debug_aranges
                0x0000000000000320       0xa8 Drivers/STM32F3xx_HAL_Driver/stm32f3xx_hal_dac.o
 .debug_aranges
                0x00000000000003c8       0x78 Drivers/STM32F3xx_HAL_Driver/stm32f3xx_hal_dac_ex.o
 .debug_aranges
                0x0000000000000440       0x58 Drivers/STM32F3xx_HAL_Driver/stm32f3xx_hal_gpio.o
 .debug_aranges
                0x0000000000000498       0x88 Drivers/STM32F3xx_HAL_Driver/stm32f3xx_hal_rcc.o
 .debug_aranges
                0x0000000000000520       0x38 Drivers/STM32F3xx_HAL_Driver/stm32f3xx_hal_rcc_ex.o
 .debug_aranges
                0x0000000000000558      0x378 Drivers/STM32F3xx_HAL_Driver/stm32f3xx_hal_tim.o
 .debug_aranges
                0x00000000000008d0      0x178 Drivers/STM32F3xx_HAL_Driver/stm32f3xx_hal_tim_ex.o
 .debug_aranges
                0x0000000000000a48       0x60 Src/main.o
 .debug_aranges
                0x0000000000000aa8       0x68 Src/stm32f3xx_hal_msp.o
 .debug_aranges
                0x0000000000000b10       0x68 Src/stm32f3xx_it.o
 .debug_aranges
                0x0000000000000b78       0x28 Src/system_stm32f3xx.o
 .debug_aranges
                0x0000000000000ba0       0x28 Startup/startup_stm32f302r8tx.o

.debug_ranges   0x0000000000000000      0xae0
 .debug_ranges  0x0000000000000000       0xd0 Drivers/STM32F3xx_HAL_Driver/stm32f3xx_hal.o
 .debug_ranges  0x00000000000000d0      0x130 Drivers/STM32F3xx_HAL_Driver/stm32f3xx_hal_adc_ex.o
 .debug_ranges  0x0000000000000200       0xf0 Drivers/STM32F3xx_HAL_Driver/stm32f3xx_hal_cortex.o
 .debug_ranges  0x00000000000002f0       0x98 Drivers/STM32F3xx_HAL_Driver/stm32f3xx_hal_dac.o
 .debug_ranges  0x0000000000000388       0x68 Drivers/STM32F3xx_HAL_Driver/stm32f3xx_hal_dac_ex.o
 .debug_ranges  0x00000000000003f0       0x48 Drivers/STM32F3xx_HAL_Driver/stm32f3xx_hal_gpio.o
 .debug_ranges  0x0000000000000438       0x78 Drivers/STM32F3xx_HAL_Driver/stm32f3xx_hal_rcc.o
 .debug_ranges  0x00000000000004b0       0x28 Drivers/STM32F3xx_HAL_Driver/stm32f3xx_hal_rcc_ex.o
 .debug_ranges  0x00000000000004d8      0x368 Drivers/STM32F3xx_HAL_Driver/stm32f3xx_hal_tim.o
 .debug_ranges  0x0000000000000840      0x168 Drivers/STM32F3xx_HAL_Driver/stm32f3xx_hal_tim_ex.o
 .debug_ranges  0x00000000000009a8       0x50 Src/main.o
 .debug_ranges  0x00000000000009f8       0x58 Src/stm32f3xx_hal_msp.o
 .debug_ranges  0x0000000000000a50       0x58 Src/stm32f3xx_it.o
 .debug_ranges  0x0000000000000aa8       0x18 Src/system_stm32f3xx.o
 .debug_ranges  0x0000000000000ac0       0x20 Startup/startup_stm32f302r8tx.o

.debug_macro    0x0000000000000000    0x1977b
 .debug_macro   0x0000000000000000      0x34f Drivers/STM32F3xx_HAL_Driver/stm32f3xx_hal.o
 .debug_macro   0x000000000000034f      0xa5a Drivers/STM32F3xx_HAL_Driver/stm32f3xx_hal.o
 .debug_macro   0x0000000000000da9       0xb1 Drivers/STM32F3xx_HAL_Driver/stm32f3xx_hal.o
 .debug_macro   0x0000000000000e5a       0x2f Drivers/STM32F3xx_HAL_Driver/stm32f3xx_hal.o
 .debug_macro   0x0000000000000e89       0x28 Drivers/STM32F3xx_HAL_Driver/stm32f3xx_hal.o
 .debug_macro   0x0000000000000eb1       0x22 Drivers/STM32F3xx_HAL_Driver/stm32f3xx_hal.o
 .debug_macro   0x0000000000000ed3       0x8e Drivers/STM32F3xx_HAL_Driver/stm32f3xx_hal.o
 .debug_macro   0x0000000000000f61       0x51 Drivers/STM32F3xx_HAL_Driver/stm32f3xx_hal.o
 .debug_macro   0x0000000000000fb2       0xef Drivers/STM32F3xx_HAL_Driver/stm32f3xx_hal.o
 .debug_macro   0x00000000000010a1       0x6a Drivers/STM32F3xx_HAL_Driver/stm32f3xx_hal.o
 .debug_macro   0x000000000000110b      0x1df Drivers/STM32F3xx_HAL_Driver/stm32f3xx_hal.o
 .debug_macro   0x00000000000012ea       0x35 Drivers/STM32F3xx_HAL_Driver/stm32f3xx_hal.o
 .debug_macro   0x000000000000131f       0x50 Drivers/STM32F3xx_HAL_Driver/stm32f3xx_hal.o
 .debug_macro   0x000000000000136f      0xd40 Drivers/STM32F3xx_HAL_Driver/stm32f3xx_hal.o
 .debug_macro   0x00000000000020af    0x110fd Drivers/STM32F3xx_HAL_Driver/stm32f3xx_hal.o
 .debug_macro   0x00000000000131ac       0x43 Drivers/STM32F3xx_HAL_Driver/stm32f3xx_hal.o
 .debug_macro   0x00000000000131ef       0x46 Drivers/STM32F3xx_HAL_Driver/stm32f3xx_hal.o
 .debug_macro   0x0000000000013235       0x18 Drivers/STM32F3xx_HAL_Driver/stm32f3xx_hal.o
 .debug_macro   0x000000000001324d       0x3c Drivers/STM32F3xx_HAL_Driver/stm32f3xx_hal.o
 .debug_macro   0x0000000000013289       0x34 Drivers/STM32F3xx_HAL_Driver/stm32f3xx_hal.o
 .debug_macro   0x00000000000132bd       0x16 Drivers/STM32F3xx_HAL_Driver/stm32f3xx_hal.o
 .debug_macro   0x00000000000132d3       0x97 Drivers/STM32F3xx_HAL_Driver/stm32f3xx_hal.o
 .debug_macro   0x000000000001336a      0x330 Drivers/STM32F3xx_HAL_Driver/stm32f3xx_hal.o
 .debug_macro   0x000000000001369a       0xfd Drivers/STM32F3xx_HAL_Driver/stm32f3xx_hal.o
 .debug_macro   0x0000000000013797       0x10 Drivers/STM32F3xx_HAL_Driver/stm32f3xx_hal.o
 .debug_macro   0x00000000000137a7       0x52 Drivers/STM32F3xx_HAL_Driver/stm32f3xx_hal.o
 .debug_macro   0x00000000000137f9       0x1f Drivers/STM32F3xx_HAL_Driver/stm32f3xx_hal.o
 .debug_macro   0x0000000000013818       0x43 Drivers/STM32F3xx_HAL_Driver/stm32f3xx_hal.o
 .debug_macro   0x000000000001385b       0x20 Drivers/STM32F3xx_HAL_Driver/stm32f3xx_hal.o
 .debug_macro   0x000000000001387b      0x1a3 Drivers/STM32F3xx_HAL_Driver/stm32f3xx_hal.o
 .debug_macro   0x0000000000013a1e       0x10 Drivers/STM32F3xx_HAL_Driver/stm32f3xx_hal.o
 .debug_macro   0x0000000000013a2e       0x1c Drivers/STM32F3xx_HAL_Driver/stm32f3xx_hal.o
 .debug_macro   0x0000000000013a4a       0x52 Drivers/STM32F3xx_HAL_Driver/stm32f3xx_hal.o
 .debug_macro   0x0000000000013a9c       0x40 Drivers/STM32F3xx_HAL_Driver/stm32f3xx_hal.o
 .debug_macro   0x0000000000013adc       0x10 Drivers/STM32F3xx_HAL_Driver/stm32f3xx_hal.o
 .debug_macro   0x0000000000013aec       0x40 Drivers/STM32F3xx_HAL_Driver/stm32f3xx_hal.o
 .debug_macro   0x0000000000013b2c       0xd7 Drivers/STM32F3xx_HAL_Driver/stm32f3xx_hal.o
 .debug_macro   0x0000000000013c03       0x1c Drivers/STM32F3xx_HAL_Driver/stm32f3xx_hal.o
 .debug_macro   0x0000000000013c1f       0x3d Drivers/STM32F3xx_HAL_Driver/stm32f3xx_hal.o
 .debug_macro   0x0000000000013c5c       0x16 Drivers/STM32F3xx_HAL_Driver/stm32f3xx_hal.o
 .debug_macro   0x0000000000013c72      0x145 Drivers/STM32F3xx_HAL_Driver/stm32f3xx_hal.o
 .debug_macro   0x0000000000013db7       0x50 Drivers/STM32F3xx_HAL_Driver/stm32f3xx_hal.o
 .debug_macro   0x0000000000013e07      0x8ff Drivers/STM32F3xx_HAL_Driver/stm32f3xx_hal.o
 .debug_macro   0x0000000000014706      0x41b Drivers/STM32F3xx_HAL_Driver/stm32f3xx_hal.o
 .debug_macro   0x0000000000014b21      0x13a Drivers/STM32F3xx_HAL_Driver/stm32f3xx_hal.o
 .debug_macro   0x0000000000014c5b      0x161 Drivers/STM32F3xx_HAL_Driver/stm32f3xx_hal.o
 .debug_macro   0x0000000000014dbc      0x1bc Drivers/STM32F3xx_HAL_Driver/stm32f3xx_hal.o
 .debug_macro   0x0000000000014f78       0x34 Drivers/STM32F3xx_HAL_Driver/stm32f3xx_hal.o
 .debug_macro   0x0000000000014fac       0x3c Drivers/STM32F3xx_HAL_Driver/stm32f3xx_hal.o
 .debug_macro   0x0000000000014fe8       0x57 Drivers/STM32F3xx_HAL_Driver/stm32f3xx_hal.o
 .debug_macro   0x000000000001503f      0x7b2 Drivers/STM32F3xx_HAL_Driver/stm32f3xx_hal.o
 .debug_macro   0x00000000000157f1       0x77 Drivers/STM32F3xx_HAL_Driver/stm32f3xx_hal.o
 .debug_macro   0x0000000000015868      0x172 Drivers/STM32F3xx_HAL_Driver/stm32f3xx_hal.o
 .debug_macro   0x00000000000159da       0x4e Drivers/STM32F3xx_HAL_Driver/stm32f3xx_hal.o
 .debug_macro   0x0000000000015a28       0xcb Drivers/STM32F3xx_HAL_Driver/stm32f3xx_hal.o
 .debug_macro   0x0000000000015af3      0x1a0 Drivers/STM32F3xx_HAL_Driver/stm32f3xx_hal.o
 .debug_macro   0x0000000000015c93      0x209 Drivers/STM32F3xx_HAL_Driver/stm32f3xx_hal.o
 .debug_macro   0x0000000000015e9c       0x5b Drivers/STM32F3xx_HAL_Driver/stm32f3xx_hal.o
 .debug_macro   0x0000000000015ef7       0x90 Drivers/STM32F3xx_HAL_Driver/stm32f3xx_hal.o
 .debug_macro   0x0000000000015f87       0x82 Drivers/STM32F3xx_HAL_Driver/stm32f3xx_hal.o
 .debug_macro   0x0000000000016009       0xd3 Drivers/STM32F3xx_HAL_Driver/stm32f3xx_hal.o
 .debug_macro   0x00000000000160dc      0x6af Drivers/STM32F3xx_HAL_Driver/stm32f3xx_hal.o
 .debug_macro   0x000000000001678b      0x328 Drivers/STM32F3xx_HAL_Driver/stm32f3xx_hal.o
 .debug_macro   0x0000000000016ab3      0x1f9 Drivers/STM32F3xx_HAL_Driver/stm32f3xx_hal.o
 .debug_macro   0x0000000000016cac      0x355 Drivers/STM32F3xx_HAL_Driver/stm32f3xx_hal_adc_ex.o
 .debug_macro   0x0000000000017001      0x32b Drivers/STM32F3xx_HAL_Driver/stm32f3xx_hal_cortex.o
 .debug_macro   0x000000000001732c      0x32c Drivers/STM32F3xx_HAL_Driver/stm32f3xx_hal_dac.o
 .debug_macro   0x0000000000017658      0x32b Drivers/STM32F3xx_HAL_Driver/stm32f3xx_hal_dac_ex.o
 .debug_macro   0x0000000000017983      0x363 Drivers/STM32F3xx_HAL_Driver/stm32f3xx_hal_gpio.o
 .debug_macro   0x0000000000017ce6      0x34f Drivers/STM32F3xx_HAL_Driver/stm32f3xx_hal_rcc.o
 .debug_macro   0x0000000000018035      0x32b Drivers/STM32F3xx_HAL_Driver/stm32f3xx_hal_rcc_ex.o
 .debug_macro   0x0000000000018360      0x32b Drivers/STM32F3xx_HAL_Driver/stm32f3xx_hal_tim.o
 .debug_macro   0x000000000001868b      0x337 Drivers/STM32F3xx_HAL_Driver/stm32f3xx_hal_tim_ex.o
 .debug_macro   0x00000000000189c2      0x33a Src/main.o
 .debug_macro   0x0000000000018cfc       0xd0 Src/main.o
 .debug_macro   0x0000000000018dcc      0x33a Src/stm32f3xx_hal_msp.o
 .debug_macro   0x0000000000019106      0x344 Src/stm32f3xx_it.o
 .debug_macro   0x000000000001944a      0x331 Src/system_stm32f3xx.o

.debug_line     0x0000000000000000     0xbda4
 .debug_line    0x0000000000000000      0xb50 Drivers/STM32F3xx_HAL_Driver/stm32f3xx_hal.o
 .debug_line    0x0000000000000b50     0x142e Drivers/STM32F3xx_HAL_Driver/stm32f3xx_hal_adc_ex.o
 .debug_line    0x0000000000001f7e      0xc1c Drivers/STM32F3xx_HAL_Driver/stm32f3xx_hal_cortex.o
 .debug_line    0x0000000000002b9a      0xad5 Drivers/STM32F3xx_HAL_Driver/stm32f3xx_hal_dac.o
 .debug_line    0x000000000000366f      0xb52 Drivers/STM32F3xx_HAL_Driver/stm32f3xx_hal_dac_ex.o
 .debug_line    0x00000000000041c1      0xaf3 Drivers/STM32F3xx_HAL_Driver/stm32f3xx_hal_gpio.o
 .debug_line    0x0000000000004cb4     0x10aa Drivers/STM32F3xx_HAL_Driver/stm32f3xx_hal_rcc.o
 .debug_line    0x0000000000005d5e      0xbbd Drivers/STM32F3xx_HAL_Driver/stm32f3xx_hal_rcc_ex.o
 .debug_line    0x000000000000691b     0x1b6b Drivers/STM32F3xx_HAL_Driver/stm32f3xx_hal_tim.o
 .debug_line    0x0000000000008486     0x10af Drivers/STM32F3xx_HAL_Driver/stm32f3xx_hal_tim_ex.o
 .debug_line    0x0000000000009535      0xa60 Src/main.o
 .debug_line    0x0000000000009f95      0xa3f Src/stm32f3xx_hal_msp.o
 .debug_line    0x000000000000a9d4      0x9f0 Src/stm32f3xx_it.o
 .debug_line    0x000000000000b3c4      0x95f Src/system_stm32f3xx.o
 .debug_line    0x000000000000bd23       0x81 Startup/startup_stm32f302r8tx.o

.debug_str      0x0000000000000000    0x8c285
 .debug_str     0x0000000000000000    0x88b38 Drivers/STM32F3xx_HAL_Driver/stm32f3xx_hal.o
                                      0x88e93 (size before relaxing)
 .debug_str     0x0000000000088b38      0xba5 Drivers/STM32F3xx_HAL_Driver/stm32f3xx_hal_adc_ex.o
                                      0x8934c (size before relaxing)
 .debug_str     0x00000000000896dd      0x32e Drivers/STM32F3xx_HAL_Driver/stm32f3xx_hal_cortex.o
                                      0x88e6b (size before relaxing)
 .debug_str     0x0000000000089a0b      0x30f Drivers/STM32F3xx_HAL_Driver/stm32f3xx_hal_dac.o
                                      0x88c28 (size before relaxing)
 .debug_str     0x0000000000089d1a      0x130 Drivers/STM32F3xx_HAL_Driver/stm32f3xx_hal_dac_ex.o
                                      0x88bdc (size before relaxing)
 .debug_str     0x0000000000089e4a      0x2e2 Drivers/STM32F3xx_HAL_Driver/stm32f3xx_hal_gpio.o
                                      0x88a5d (size before relaxing)
 .debug_str     0x000000000008a12c      0x438 Drivers/STM32F3xx_HAL_Driver/stm32f3xx_hal_rcc.o
                                      0x88c37 (size before relaxing)
 .debug_str     0x000000000008a564      0x23e Drivers/STM32F3xx_HAL_Driver/stm32f3xx_hal_rcc_ex.o
                                      0x889ef (size before relaxing)
 .debug_str     0x000000000008a7a2      0xf56 Drivers/STM32F3xx_HAL_Driver/stm32f3xx_hal_tim.o
                                      0x89895 (size before relaxing)
 .debug_str     0x000000000008b6f8      0x64f Drivers/STM32F3xx_HAL_Driver/stm32f3xx_hal_tim_ex.o
                                      0x892bf (size before relaxing)
 .debug_str     0x000000000008bd47      0x38e Src/main.o
                                      0x897a2 (size before relaxing)
 .debug_str     0x000000000008c0d5       0x63 Src/stm32f3xx_hal_msp.o
                                      0x89588 (size before relaxing)
 .debug_str     0x000000000008c138       0xb8 Src/stm32f3xx_it.o
                                      0x88f2f (size before relaxing)
 .debug_str     0x000000000008c1f0       0x64 Src/system_stm32f3xx.o
                                      0x887bd (size before relaxing)
 .debug_str     0x000000000008c254       0x31 Startup/startup_stm32f302r8tx.o
                                         0x78 (size before relaxing)

.comment        0x0000000000000000       0x7b
 .comment       0x0000000000000000       0x7b Drivers/STM32F3xx_HAL_Driver/stm32f3xx_hal.o
                                         0x7c (size before relaxing)
 .comment       0x000000000000007b       0x7c Drivers/STM32F3xx_HAL_Driver/stm32f3xx_hal_adc_ex.o
 .comment       0x000000000000007b       0x7c Drivers/STM32F3xx_HAL_Driver/stm32f3xx_hal_cortex.o
 .comment       0x000000000000007b       0x7c Drivers/STM32F3xx_HAL_Driver/stm32f3xx_hal_dac.o
 .comment       0x000000000000007b       0x7c Drivers/STM32F3xx_HAL_Driver/stm32f3xx_hal_dac_ex.o
 .comment       0x000000000000007b       0x7c Drivers/STM32F3xx_HAL_Driver/stm32f3xx_hal_gpio.o
 .comment       0x000000000000007b       0x7c Drivers/STM32F3xx_HAL_Driver/stm32f3xx_hal_rcc.o
 .comment       0x000000000000007b       0x7c Drivers/STM32F3xx_HAL_Driver/stm32f3xx_hal_rcc_ex.o
 .comment       0x000000000000007b       0x7c Drivers/STM32F3xx_HAL_Driver/stm32f3xx_hal_tim.o
 .comment       0x000000000000007b       0x7c Drivers/STM32F3xx_HAL_Driver/stm32f3xx_hal_tim_ex.o
 .comment       0x000000000000007b       0x7c Src/main.o
 .comment       0x000000000000007b       0x7c Src/stm32f3xx_hal_msp.o
 .comment       0x000000000000007b       0x7c Src/stm32f3xx_it.o
 .comment       0x000000000000007b       0x7c Src/system_stm32f3xx.o

.debug_frame    0x0000000000000000     0x30b0
 .debug_frame   0x0000000000000000      0x334 Drivers/STM32F3xx_HAL_Driver/stm32f3xx_hal.o
 .debug_frame   0x0000000000000334      0x57c Drivers/STM32F3xx_HAL_Driver/stm32f3xx_hal_adc_ex.o
 .debug_frame   0x00000000000008b0      0x428 Drivers/STM32F3xx_HAL_Driver/stm32f3xx_hal_cortex.o
 .debug_frame   0x0000000000000cd8      0x2d4 Drivers/STM32F3xx_HAL_Driver/stm32f3xx_hal_dac.o
 .debug_frame   0x0000000000000fac      0x1dc Drivers/STM32F3xx_HAL_Driver/stm32f3xx_hal_dac_ex.o
 .debug_frame   0x0000000000001188      0x14c Drivers/STM32F3xx_HAL_Driver/stm32f3xx_hal_gpio.o
 .debug_frame   0x00000000000012d4      0x214 Drivers/STM32F3xx_HAL_Driver/stm32f3xx_hal_rcc.o
 .debug_frame   0x00000000000014e8       0xb4 Drivers/STM32F3xx_HAL_Driver/stm32f3xx_hal_rcc_ex.o
 .debug_frame   0x000000000000159c      0xffc Drivers/STM32F3xx_HAL_Driver/stm32f3xx_hal_tim.o
 .debug_frame   0x0000000000002598      0x688 Drivers/STM32F3xx_HAL_Driver/stm32f3xx_hal_tim_ex.o
 .debug_frame   0x0000000000002c20      0x148 Src/main.o
 .debug_frame   0x0000000000002d68      0x17c Src/stm32f3xx_hal_msp.o
 .debug_frame   0x0000000000002ee4      0x128 Src/stm32f3xx_it.o
 .debug_frame   0x000000000000300c       0x58 Src/system_stm32f3xx.o
 .debug_frame   0x0000000000003064       0x2c c:/st/stm32cubeide_1.0.1/stm32cubeide/plugins/com.st.stm32cube.ide.mcu.externaltools.gnu-tools-for-stm32.7-2018-q2-update.win32_1.0.0.201904181610/tools/bin/../lib/gcc/arm-none-eabi/7.3.1/../../../../arm-none-eabi/lib/thumb/v7e-m/fpv4-sp/hard\libc_nano.a(lib_a-init.o)
 .debug_frame   0x0000000000003090       0x20 c:/st/stm32cubeide_1.0.1/stm32cubeide/plugins/com.st.stm32cube.ide.mcu.externaltools.gnu-tools-for-stm32.7-2018-q2-update.win32_1.0.0.201904181610/tools/bin/../lib/gcc/arm-none-eabi/7.3.1/../../../../arm-none-eabi/lib/thumb/v7e-m/fpv4-sp/hard\libc_nano.a(lib_a-memset.o)
